[bolina.zooka.io/index.html]
[backblue.gif]
[fade.gif]
[index.html]
[bolina.zooka.io/wp-content/plugins/cmssuperheroes/assets/css/cms-style5010.css]
[bolina.zooka.io/feed/index.html]
[bolina.zooka.io/wp-content/plugins/contact-form-7/includes/css/stylesaead.css]
[bolina.zooka.io/home/feed/index.html]
[bolina.zooka.io/wp-content/plugins/revslider/public/assets/css/settings23da.css]
[bolina.zooka.io/comments/feed/index.html]
[bolina.zooka.io/wp-content/plugins/woocommerce/assets/css/woocommerce-layoutedb1.css]
[bolina.zooka.io/wp-content/plugins/woocommerce/assets/css/woocommerce-smallscreenedb1.css]
[bolina.zooka.io/wp-content/plugins/woocommerce/assets/css/woocommerceedb1.css]
[bolina.zooka.io/wp-content/themes/zk-bolina/assets/css/bootstrap.mind617.css]
[bolina.zooka.io/wp-content/themes/zk-bolina/assets/css/hover4c56.css]
[bolina.zooka.io/wp-content/themes/zk-bolina/assets/css/popup8a54.css]
[bolina.zooka.io/wp-content/plugins/js_composer/assets/lib/bower/animate-css/animate.min4245.css]
[bolina.zooka.io/wp-content/plugins/js_composer/assets/lib/bower/font-awesome/css/font-awesome.min4245.css]
[bolina.zooka.io/wp-content/themes/zk-bolina/assets/css/pe-icon-7-stroke5152.css]
[bolina.zooka.io/wp-content/themes/zk-bolina/style5010.css]
[bolina.zooka.io/wp-content/themes/zk-bolina/assets/css/woocommerce8a54.css]
[bolina.zooka.io/wp-content/themes/zk-bolina/assets/css/static8a54.css]
[bolina.zooka.io/wp-content/themes/zk-bolina/inc/widgets/widgets5010.css]
[bolina.zooka.io/wp-content/plugins/js_composer/assets/css/js_composer.min4245.css]
[bolina.zooka.io/wp-includes/js/jquery/jqueryb8ff.js]
[bolina.zooka.io/wp-includes/js/jquery/jquery-migrate.min330a.js]
[bolina.zooka.io/wp-content/plugins/revslider/public/assets/js/jquery.themepunch.tools.min23da.js]
[bolina.zooka.io/wp-content/plugins/revslider/public/assets/js/jquery.themepunch.revolution.min23da.js]
[bolina.zooka.io/wp-content/plugins/woocommerce/assets/js/frontend/add-to-cart.minedb1.js]
[bolina.zooka.io/wp-content/plugins/js_composer/assets/js/vendors/woocommerce-add-to-cart4245.js]
[bolina.zooka.io/wp-content/themes/zk-bolina/assets/js/bootstrap.mind617.js]
[bolina.zooka.io/wp-content/themes/zk-bolina/assets/js/popup.min8a54.js]
[bolina.zooka.io/wp-content/themes/zk-bolina/inc/widgets/widgets5010.js]
[bolina.zooka.io/xmlrpc0db0.php]
[bolina.zooka.io/wp-includes/wlwmanifest.xml]
[bolina.zooka.io/wp-json/index.html]
[bolina.zooka.io/wp-json/oembed/1.0/embedf1e2.json]
[bolina.zooka.io/wp-json/oembed/1.0/embed674e]
[bolina.zooka.io/wp-content/uploads/2015/09/banner2.jpg]
[bolina.zooka.io/wp-content/uploads/2015/08/row_bg195dc.png]
[bolina.zooka.io/wp-content/uploads/2015/08/logo.png]
[bolina.zooka.io/wp-content/uploads/2015/09/logo21.png]
[bolina.zooka.io/wp-content/uploads/2015/11/bag.jpg]
[bolina.zooka.io/wp-content/uploads/2015/08/box1.jpg]
[bolina.zooka.io/one-page/index.html]
[bolina.zooka.io/wp-content/uploads/2015/08/gb.png]
[bolina.zooka.io/freelancer/index.html]
[bolina.zooka.io/agency/index.html]
[bolina.zooka.io/interior/index.html]
[bolina.zooka.io/wp-content/uploads/2015/08/box2.jpg]
[bolina.zooka.io/agency-2/index.html]
[bolina.zooka.io/wp-content/uploads/2015/08/box4.jpg]
[bolina.zooka.io/agency-3/index.html]
[bolina.zooka.io/agency-4/index.html]
[bolina.zooka.io/wp-content/uploads/2015/08/box2.png]
[bolina.zooka.io/potfolio/index.html]
[bolina.zooka.io/cretive/index.html]
[bolina.zooka.io/photography/index.html]
[bolina.zooka.io/wp-content/uploads/2015/08/shutterstock_104386421_supersize-800x600.jpg]
[bolina.zooka.io/wp-content/uploads/2015/08/shutterstock_104386421_supersize-800x450.jpg]
[bolina.zooka.io/wp-content/uploads/2015/08/shutterstock_59710015_supersize-800x600.jpg]
[bolina.zooka.io/1181-2/index.html]
[bolina.zooka.io/fashion-2/index.html]
[bolina.zooka.io/about-me/index.html]
[bolina.zooka.io/wp-content/uploads/2015/08/shutterstock_59710015_supersize-800x450.jpg]
[bolina.zooka.io/service/index.html]
[bolina.zooka.io/wp-content/uploads/2015/08/shutterstock_79711114_supersize-800x600.jpg]
[bolina.zooka.io/gallery-standard/index.html]
[bolina.zooka.io/wp-content/uploads/2015/08/shutterstock_79711114_supersize-800x450.jpg]
[bolina.zooka.io/grid-3-column/index.html]
[bolina.zooka.io/masonry-2-column/index.html]
[bolina.zooka.io/grid-2-column/index.html]
[bolina.zooka.io/wp-content/uploads/2015/08/shutterstock_112762954_supersize-800x600.jpg]
[bolina.zooka.io/wp-content/uploads/2015/08/shutterstock_112762954_supersize-800x450.jpg]
[bolina.zooka.io/galleries/index.html]
[bolina.zooka.io/shop/index.html]
[bolina.zooka.io/blog/index.html]
[bolina.zooka.io/wp-content/uploads/2015/08/shutterstock_9811654_supersize-800x600.jpg]
[bolina.zooka.io/blog-width-sidebar/index.html]
[bolina.zooka.io/wp-content/uploads/2015/08/shutterstock_9811654_supersize-800x450.jpg]
[bolina.zooka.io/blog-grid-width-sidebar/index.html]
[bolina.zooka.io/wp-content/uploads/2015/08/shutterstock_79509322_huge-800x600.jpg]
[bolina.zooka.io/blog-standard/index.html]
[bolina.zooka.io/contact-us/index.html]
[bolina.zooka.io/wp-content/uploads/2015/08/shutterstock_79509322_huge-800x450.jpg]
[bolina.zooka.io/cart/index.html]
[bolina.zooka.io/gallery/women-in-the-dark-concept-12/index.html]
[bolina.zooka.io/wp-content/uploads/2015/09/shutterstock_93400783_supersize-800x600.jpg]
[bolina.zooka.io/gallery_categories/photography/index.html]
[bolina.zooka.io/gallery/women-in-the-dark-concept-11/index.html]
[bolina.zooka.io/wp-content/uploads/2015/09/shutterstock_93400783_supersize-800x450.jpg]
[bolina.zooka.io/gallery_categories/stylish-make-up/index.html]
[bolina.zooka.io/gallery/women-in-the-dark-concept-10/index.html]
[bolina.zooka.io/wp-content/uploads/2015/08/shutterstock_239356933_supersize-800x600.jpg]
[bolina.zooka.io/gallery_categories/retouching/index.html]
[bolina.zooka.io/wp-content/uploads/2015/08/shutterstock_239356933_supersize-800x450.jpg]
[bolina.zooka.io/gallery/women-in-the-dark-concept-9/index.html]
[bolina.zooka.io/gallery/women-in-the-dark-concept-8/index.html]
[bolina.zooka.io/wp-content/uploads/2015/08/client6.png]
[bolina.zooka.io/wp-content/uploads/2015/08/client5.png]
[bolina.zooka.io/gallery/women-in-the-dark-concept-7/index.html]
[bolina.zooka.io/wp-content/uploads/2015/08/client4.png]
[bolina.zooka.io/gallery/women-in-the-dark-concept-6/index.html]
[bolina.zooka.io/wp-content/uploads/2015/08/client3.png]
[bolina.zooka.io/gallery/women-in-the-dark-concept-5/index.html]
[bolina.zooka.io/wp-content/uploads/2015/08/client2.png]
[bolina.zooka.io/wp-content/uploads/2015/08/client1.png]
[bolina.zooka.io/wp-content/themes/zk-bolina/assets/images/logo_sticky.png]
[bolina.zooka.io/wp-content/uploads/2015/09/Untitled-10-66x66.png]
[bolina.zooka.io/wp-content/uploads/2015/09/shutterstock_156357554_huge-66x66.jpg]
[bolina.zooka.io/wp-content/uploads/2015/08/shutterstock_90185518_huge-66x66.jpg]
[bolina.zooka.io/gallery/women-in-the-dark-concept/index.html]
[bolina.zooka.io/wp-content/uploads/2015/09/Untitled-10-94x94.png]
[bolina.zooka.io/gallery/women-in-the-dark-concept-2/index.html]
[bolina.zooka.io/wp-content/uploads/2015/09/shutterstock_156357554_huge-94x94.jpg]
[bolina.zooka.io/wp-content/uploads/2015/08/shutterstock_90185518_huge-94x94.jpg]
[bolina.zooka.io/wp-content/uploads/2015/08/shutterstock_239356957_supersize-94x94.jpg]
[bolina.zooka.io/gallery/women-in-the-dark-concept-3/index.html]
[bolina.zooka.io/wp-content/uploads/2015/08/shutterstock_239356933_supersize-94x94.jpg]
[bolina.zooka.io/wp-content/uploads/2015/09/shutterstock_93400783_supersize-94x94.jpg]
[bolina.zooka.io/gallery/women-in-the-dark-concept-4/index.html]
[bolina.zooka.io/wp-includes/js/mediaelement/mediaelementplayer-legacy.min45a0.css]
[bolina.zooka.io/wp-includes/js/mediaelement/wp-mediaelement.min5010.css]
[bolina.zooka.io/wp-content/plugins/cmssuperheroes/assets/css/owl.carousel30b5.css]
[bolina.zooka.io/wp-content/plugins/contact-form-7/includes/js/scriptsaead.js]
[bolina.zooka.io/wp-content/plugins/woocommerce/assets/js/jquery-blockui/jquery.blockUI.min44fd.js]
[bolina.zooka.io/wp-content/plugins/woocommerce/assets/js/js-cookie/js.cookie.min6b25.js]
[bolina.zooka.io/wp-content/plugins/woocommerce/assets/js/frontend/woocommerce.minedb1.js]
[bolina.zooka.io/wp-content/plugins/woocommerce/assets/js/frontend/cart-fragments.minedb1.js]
[bolina.zooka.io/wp-content/themes/zk-bolina/assets/js/scroll_effectcfa9.js]
[bolina.zooka.io/wp-content/themes/zk-bolina/assets/js/main8a54.js]
[bolina.zooka.io/wp-content/themes/zk-bolina/assets/js/menu8a54.js]
[bolina.zooka.io/wp-includes/js/wp-embed.min5010.js]
[bolina.zooka.io/wp-content/plugins/js_composer/assets/js/dist/js_composer_front.min4245.js]
[bolina.zooka.io/wp-content/plugins/js_composer/assets/lib/waypoints/waypoints.min4245.js]
[bolina.zooka.io/wp-includes/js/mediaelement/mediaelement-and-player.min45a0.js]
[bolina.zooka.io/wp-includes/js/mediaelement/mediaelement-migrate.min5010.js]
[bolina.zooka.io/wp-includes/js/mediaelement/wp-mediaelement.min5010.js]
[bolina.zooka.io/wp-content/plugins/cmssuperheroes/assets/js/cmsgrid.pagination8a54.js]
[bolina.zooka.io/wp-content/plugins/cmssuperheroes/assets/js/modernizr.min5010.js]
[bolina.zooka.io/wp-includes/js/imagesloaded.min55a0.js]
[bolina.zooka.io/wp-content/plugins/cmssuperheroes/assets/js/jquery.shuffle5010.js]
[bolina.zooka.io/wp-content/themes/zk-bolina/assets/js/jquery.shuffle.cms5010.js]
[bolina.zooka.io/wp-content/themes/zk-bolina/assets/js/cms_loadmore_gallery5152.js]
[bolina.zooka.io/wp-content/plugins/cmssuperheroes/assets/js/owl.carousel.min30b5.js]
[bolina.zooka.io/wp-content/plugins/cmssuperheroes/assets/js/owl.carousel.cms8a54.js]
[bolina.zooka.io/wp-content/plugins/cmssuperheroes/assets/js/counter.min8a54.js]
[bolina.zooka.io/index.html]
[bolina.zooka.io/xmlrpc.php]
[bolina.zooka.io/wp-content/plugins/cmssuperheroes/assets/css/cms-style5010.css]
[bolina.zooka.io/wp-content/plugins/cmssuperheroes/assets/js/counter.cms8a54.js]
[bolina.zooka.io/wp-content/plugins/contact-form-7/images/ajax-loader.gif]
[bolina.zooka.io/wp-content/plugins/contact-form-7/includes/css/stylesaead.css]
[bolina.zooka.io/wp-content/plugins/revslider/public/assets/fonts/revicons/revicons90c6.eot]
[bolina.zooka.io/wp-content/plugins/revslider/public/assets/fonts/revicons/revicons90c6.woff]
[bolina.zooka.io/wp-content/plugins/revslider/public/assets/fonts/revicons/revicons90c6.ttf]
[bolina.zooka.io/wp-content/plugins/revslider/public/assets/css/openhand.cur]
[bolina.zooka.io/wp-content/plugins/revslider/public/assets/css/closedhand.cur]
[bolina.zooka.io/wp-content/plugins/revslider/public/assets/assets/gridtile.png]
[bolina.zooka.io/wp-content/plugins/revslider/public/assets/assets/gridtile_white.png]
[bolina.zooka.io/wp-content/plugins/revslider/public/assets/assets/gridtile_3x3.png]
[bolina.zooka.io/wp-content/plugins/revslider/public/assets/assets/gridtile_3x3_white.png]
[bolina.zooka.io/wp-content/plugins/revslider/public/assets/assets/coloredbg.png]
[bolina.zooka.io/wp-content/plugins/revslider/public/assets/assets/loader.gif]
[bolina.zooka.io/wp-content/plugins/revslider/public/assets/css/settings23da.css]
[bolina.zooka.io/wp-content/plugins/woocommerce/assets/css/woocommerce-layoutedb1.css]
[bolina.zooka.io/wp-content/plugins/woocommerce/assets/css/woocommerce-smallscreenedb1.css]
[bolina.zooka.io/wp-content/plugins/woocommerce/assets/fonts/star.eot]
[bolina.zooka.io/wp-content/plugins/woocommerce/assets/fonts/stard41d.eot]
[bolina.zooka.io/wp-content/plugins/woocommerce/assets/fonts/star.woff]
[bolina.zooka.io/wp-content/plugins/woocommerce/assets/fonts/star.ttf]
[bolina.zooka.io/wp-content/plugins/woocommerce/assets/fonts/WooCommerce.eot]
[bolina.zooka.io/wp-content/plugins/woocommerce/assets/fonts/WooCommerced41d.eot]
[bolina.zooka.io/wp-content/plugins/woocommerce/assets/fonts/WooCommerce.woff]
[bolina.zooka.io/wp-content/plugins/woocommerce/assets/fonts/WooCommerce.ttf]
[bolina.zooka.io/wp-content/plugins/woocommerce/assets/css/woocommerceedb1.css]
[bolina.zooka.io/wp-content/themes/zk-bolina/assets/css/bootstrap.mind617.css]
[bolina.zooka.io/wp-content/themes/zk-bolina/assets/css/hover4c56.css]
[bolina.zooka.io/wp-content/themes/zk-bolina/assets/css/popup8a54.css]
[bolina.zooka.io/wp-content/plugins/js_composer/assets/lib/bower/animate-css/animate.min4245.css]
[bolina.zooka.io/wp-content/plugins/js_composer/assets/lib/bower/font-awesome/fonts/fontawesome-webfont3e6e.eot]
[bolina.zooka.io/wp-content/plugins/js_composer/assets/lib/bower/font-awesome/fonts/fontawesome-webfontd41d.eot]
[bolina.zooka.io/wp-content/plugins/js_composer/assets/lib/bower/font-awesome/fonts/fontawesome-webfont3e6e.woff2]
[bolina.zooka.io/wp-content/plugins/js_composer/assets/lib/bower/font-awesome/fonts/fontawesome-webfont3e6e.woff]
[bolina.zooka.io/wp-content/plugins/js_composer/assets/lib/bower/font-awesome/fonts/fontawesome-webfont3e6e.ttf]
[bolina.zooka.io/wp-content/plugins/js_composer/assets/lib/bower/font-awesome/css/font-awesome.min4245.css]
[bolina.zooka.io/wp-content/themes/zk-bolina/assets/fonts/Pe-icon-7-strokebb1d.eot]
[bolina.zooka.io/wp-content/themes/zk-bolina/assets/fonts/Pe-icon-7-stroked41d.eot]
[bolina.zooka.io/wp-content/themes/zk-bolina/assets/fonts/Pe-icon-7-strokebb1d.woff]
[bolina.zooka.io/wp-content/themes/zk-bolina/assets/fonts/Pe-icon-7-strokebb1d.ttf]
[bolina.zooka.io/wp-content/themes/zk-bolina/assets/css/pe-icon-7-stroke5152.css]
[bolina.zooka.io/wp-content/themes/zk-bolina/style5010.css]
[bolina.zooka.io/wp-content/themes/zk-bolina/assets/css/woocommerce8a54.css]
[bolina.zooka.io/wp-content/themes/zk-bolina/assets/images/quocte.png]
[bolina.zooka.io/wp-content/themes/zk-bolina/assets/images/bg-select.png]
[bolina.zooka.io/wp-content/themes/zk-bolina/assets/images/quocte-right.png]
[bolina.zooka.io/wp-content/themes/zk-bolina/assets/images/quocte-left.png]
[bolina.zooka.io/wp-content/themes/zk-bolina/assets/images/404.png]
[bolina.zooka.io/wp-content/themes/zk-bolina/assets/images/search.png]
[bolina.zooka.io/wp-content/themes/zk-bolina/assets/css/static8a54.css]
[bolina.zooka.io/wp-content/themes/zk-bolina/inc/widgets/widgets5010.css]
[bolina.zooka.io/wp-content/plugins/js_composer/assets/vc/alert.png]
[bolina.zooka.io/wp-content/plugins/js_composer/assets/vc/info.png]
[bolina.zooka.io/wp-content/plugins/js_composer/assets/vc/tick.png]
[bolina.zooka.io/wp-content/plugins/js_composer/assets/vc/exclamation.png]
[bolina.zooka.io/wp-content/plugins/js_composer/assets/images/icons/address-book.png]
[bolina.zooka.io/wp-content/plugins/js_composer/assets/images/icons/alarm-clock.png]
[bolina.zooka.io/wp-content/plugins/js_composer/assets/images/icons/anchor.png]
[bolina.zooka.io/wp-content/plugins/js_composer/assets/images/icons/application-image.png]
[bolina.zooka.io/wp-content/plugins/js_composer/assets/images/icons/arrow.png]
[bolina.zooka.io/wp-content/plugins/js_composer/assets/images/icons/asterisk.png]
[bolina.zooka.io/wp-content/plugins/js_composer/assets/images/icons/auction-hammer.png]
[bolina.zooka.io/wp-content/plugins/js_composer/assets/images/icons/balloon.png]
[bolina.zooka.io/wp-content/plugins/js_composer/assets/images/icons/balloon-buzz.png]
[bolina.zooka.io/wp-content/plugins/js_composer/assets/images/icons/balloon-facebook.png]
[bolina.zooka.io/wp-content/plugins/js_composer/assets/images/icons/balloon-twitter.png]
[bolina.zooka.io/wp-content/plugins/js_composer/assets/images/icons/battery-full.png]
[bolina.zooka.io/wp-content/plugins/js_composer/assets/images/icons/binocular.png]
[bolina.zooka.io/wp-content/plugins/js_composer/assets/images/icons/blue-document-excel.png]
[bolina.zooka.io/wp-content/plugins/js_composer/assets/images/icons/blue-document-image.png]
[bolina.zooka.io/wp-content/plugins/js_composer/assets/images/icons/blue-document-music.png]
[bolina.zooka.io/wp-content/plugins/js_composer/assets/images/icons/blue-document-office.png]
[bolina.zooka.io/wp-content/plugins/js_composer/assets/images/icons/blue-document-pdf.png]
[bolina.zooka.io/wp-content/plugins/js_composer/assets/images/icons/blue-document-powerpoint.png]
[bolina.zooka.io/wp-content/plugins/js_composer/assets/images/icons/blue-document-word.png]
[bolina.zooka.io/wp-content/plugins/js_composer/assets/images/icons/bookmark.png]
[bolina.zooka.io/wp-content/plugins/js_composer/assets/images/icons/camcorder.png]
[bolina.zooka.io/wp-content/plugins/js_composer/assets/images/icons/camera.png]
[bolina.zooka.io/wp-content/plugins/js_composer/assets/images/icons/chart.png]
[bolina.zooka.io/wp-content/plugins/js_composer/assets/images/icons/chart-pie.png]
[bolina.zooka.io/wp-content/plugins/js_composer/assets/images/icons/clock.png]
[bolina.zooka.io/wp-content/plugins/js_composer/assets/images/icons/control.png]
[bolina.zooka.io/wp-content/plugins/js_composer/assets/images/icons/fire.png]
[bolina.zooka.io/wp-content/plugins/js_composer/assets/images/icons/heart.png]
[bolina.zooka.io/wp-content/plugins/js_composer/assets/images/icons/mail.png]
[bolina.zooka.io/wp-content/plugins/js_composer/assets/images/icons/plus-shield.png]
[bolina.zooka.io/wp-content/plugins/js_composer/assets/images/icons/video.png]
[bolina.zooka.io/wp-content/plugins/js_composer/assets/fonts/vc_icons_v2/fonts/vcpb-plugin-iconsb82a.eot]
[bolina.zooka.io/wp-content/plugins/js_composer/assets/fonts/vc_icons_v2/fonts/vcpb-plugin-iconsb82a.ttf]
[bolina.zooka.io/wp-content/plugins/js_composer/assets/fonts/vc_icons_v2/fonts/vcpb-plugin-iconsb82a.woff]
[bolina.zooka.io/wp-content/plugins/js_composer/assets/images/toggle_open.png]
[bolina.zooka.io/wp-content/plugins/js_composer/assets/images/toggle_close.png]
[bolina.zooka.io/wp-content/plugins/js_composer/assets/images/flickr.png]
[bolina.zooka.io/wp-content/plugins/js_composer/assets/fonts/vc_grid/vc_grid_v157a1.eot]
[bolina.zooka.io/wp-content/plugins/js_composer/assets/fonts/vc_grid/vc_grid_v1d41d.eot]
[bolina.zooka.io/wp-content/plugins/js_composer/assets/fonts/vc_grid/vc_grid_v157a1.woff]
[bolina.zooka.io/wp-content/plugins/js_composer/assets/fonts/vc_grid/vc_grid_v157a1.ttf]
[bolina.zooka.io/wp-content/plugins/js_composer/assets/images/spinner.gif]
[bolina.zooka.io/wp-content/plugins/js_composer/assets/vc/remove.png]
[bolina.zooka.io/wp-content/plugins/js_composer/assets/css/js_composer.min4245.css]
[bolina.zooka.io/wp-admin/admin-ajax.html]
[bolina.zooka.io/wp-json/oembed/1.0/embed22c5.json]
[bolina.zooka.io/wp-json/oembed/1.0/embed7204]
[bolina.zooka.io/wp-content/uploads/2015/11/bb37ad7.png]
[bolina.zooka.io/wp-content/uploads/2015/09/footer-logo.png]
[bolina.zooka.io/wp-content/plugins/revslider/admin/assets/images/dummy.png]
[bolina.zooka.io/wp-content/uploads/2015/11/ca.png]
[bolina.zooka.io/wp-content/uploads/2015/08/shutterstock_239356957_supersize-800x600.jpg]
[bolina.zooka.io/wp-content/uploads/2015/08/shutterstock_239356957_supersize-800x450.jpg]
[bolina.zooka.io/wp-content/uploads/2015/09/quocte.png]
[bolina.zooka.io/wp-content/uploads/2015/11/mock-up-2.fw_.png]
[bolina.zooka.io/wp-content/uploads/2015/08/shutterstock_239356933_supersize-1171x780.jpg]
[bolina.zooka.io/wp-content/uploads/2015/08/shutterstock_93400783_supersize-1171x780.jpg]
[bolina.zooka.io/wp-content/uploads/2015/09/team-3.jpg]
[bolina.zooka.io/praesent-eu-massa-vel-diam-lao-6/index.html]
[bolina.zooka.io/wp-content/uploads/2015/09/team-2.jpg]
[bolina.zooka.io/2015/09/18/index.html]
[bolina.zooka.io/wp-content/uploads/2015/09/team-1.jpg]
[bolina.zooka.io/wp-content/uploads/2015/11/client61.png]
[bolina.zooka.io/wp-content/uploads/2015/11/client51.png]
[bolina.zooka.io/praesent-eu-massa-vel-diam-lao-5/index.html]
[bolina.zooka.io/wp-content/uploads/2015/11/client41.png]
[bolina.zooka.io/wp-content/uploads/2015/11/client12.png]
[bolina.zooka.io/wp-content/uploads/2015/11/client21.png]
[bolina.zooka.io/wp-content/uploads/2015/11/client11.png]
[bolina.zooka.io/one-page/index.html]
[bolina.zooka.io/wp-content/themes/zk-bolina/inc/elements/googlemap/cms.googlemap6e0e.js]
[bolina.zooka.io/wp-json/oembed/1.0/embedb29f.json]
[bolina.zooka.io/wp-json/oembed/1.0/embedde02]
[bolina.zooka.io/wp-content/uploads/2015/09/bg_9.jpg]
[bolina.zooka.io/freelancer/index.html]
[bolina.zooka.io/wp-json/oembed/1.0/embed63dc.json]
[bolina.zooka.io/wp-json/oembed/1.0/embedb74c]
[bolina.zooka.io/wp-content/uploads/2015/11/DeathtoStock_Clementine16e2b7.jpg]
[bolina.zooka.io/wp-content/plugins/revslider/admin/assets/images/transparent.png]
[bolina.zooka.io/wp-content/uploads/2015/09/bg2.png]
[bolina.zooka.io/wp-content/uploads/2015/11/sb.png]
[bolina.zooka.io/wp-content/uploads/2015/11/na.png]
[bolina.zooka.io/wp-content/uploads/2015/11/bah.jpg]
[bolina.zooka.io/wp-content/uploads/2015/11/0.jpg]
[bolina.zooka.io/wp-content/uploads/2015/11/2.jpg]
[bolina.zooka.io/wp-content/uploads/2015/11/3.jpg]
[bolina.zooka.io/wp-content/uploads/2015/11/Untitled-11.jpg]
[bolina.zooka.io/shop/leather-wallet-6/index.html]
[bolina.zooka.io/wp-content/uploads/2015/11/4.jpg]
[bolina.zooka.io/shop/leather-wallet-8/index.html]
[bolina.zooka.io/wp-content/uploads/2015/11/11.jpg]
[bolina.zooka.io/wp-content/uploads/2015/11/5.jpg]
[bolina.zooka.io/wp-content/uploads/2015/11/6.jpg]
[bolina.zooka.io/shop/mini-bag-8/index.html]
[bolina.zooka.io/shop/leather-wallet-7/index.html]
[bolina.zooka.io/wp-content/uploads/2015/08/shutterstock_239356933_supersize-960x1049.jpg]
[bolina.zooka.io/shop/vintage-watch-7/index.html]
[bolina.zooka.io/wp-content/uploads/2015/08/shutterstock_93400783_supersize-960x1049.jpg]
[bolina.zooka.io/shop/mini-bag-9/index.html]
[bolina.zooka.io/shop/vintage-watch-6/index.html]
[bolina.zooka.io/shop/mini-bag-7/index.html]
[bolina.zooka.io/wp-content/uploads/2015/08/shutterstock_112762954_supersize-960x1049.jpg]
[bolina.zooka.io/wp-content/uploads/2015/11/client6.png]
[bolina.zooka.io/wp-content/uploads/2015/11/client5.png]
[bolina.zooka.io/wp-content/uploads/2015/11/client4.png]
[bolina.zooka.io/wp-content/uploads/2015/11/client3.png]
[bolina.zooka.io/praesent-eu-massa-vel-diam-lao-4/index.html]
[bolina.zooka.io/wp-content/uploads/2015/11/client2.png]
[bolina.zooka.io/wp-content/uploads/2015/11/client1.png]
[bolina.zooka.io/interior/index.html]
[bolina.zooka.io/wp-json/oembed/1.0/embedfc71.json]
[bolina.zooka.io/wp-json/oembed/1.0/embedf244]
[bolina.zooka.io/wp-content/uploads/2015/08/row_bg28bcf.png]
[bolina.zooka.io/wp-content/uploads/2015/09/slider2.jpg]
[bolina.zooka.io/wp-content/uploads/2015/09/babg.png]
[bolina.zooka.io/wp-content/uploads/2015/09/fancybox7.png]
[bolina.zooka.io/wp-content/uploads/2015/09/bg3.jpg]
[bolina.zooka.io/agency/index.html]
[bolina.zooka.io/wp-json/oembed/1.0/embed6dc8.json]
[bolina.zooka.io/wp-json/oembed/1.0/embede044]
[bolina.zooka.io/wp-content/uploads/2015/09/bg5s213ef.png]
[bolina.zooka.io/wp-content/uploads/2015/09/bg4.jpg]
[bolina.zooka.io/wp-content/uploads/2015/09/bg7.png]
[bolina.zooka.io/wp-content/uploads/2015/09/shutterstock_193871453_huge-960x1049.jpg]
[bolina.zooka.io/agency-2/index.html]
[bolina.zooka.io/wp-json/oembed/1.0/embed114e.json]
[bolina.zooka.io/wp-json/oembed/1.0/embed069d]
[bolina.zooka.io/wp-content/uploads/2015/11/ha1264d.jpg]
[bolina.zooka.io/wp-content/uploads/2015/11/Untitled-1.jpg]
[bolina.zooka.io/wp-content/uploads/2015/11/gag-2.png]
[bolina.zooka.io/wp-content/uploads/2015/11/bad1.jpg]
[bolina.zooka.io/wp-content/uploads/2015/11/ba-2.jpg]
[bolina.zooka.io/wp-content/uploads/2015/11/ca2.png]
[bolina.zooka.io/wp-content/uploads/2015/09/team-2-300x300.jpg]
[bolina.zooka.io/wp-content/uploads/2015/09/blog3-300x300.jpg]
[bolina.zooka.io/wp-content/uploads/2015/09/team-1-300x300.jpg]
[bolina.zooka.io/wp-content/themes/zk-bolina/assets/css/cms_bxslidera352.css]
[bolina.zooka.io/wp-content/plugins/js_composer/assets/css/js_composer_tta.min4245.css]
[bolina.zooka.io/wp-content/themes/zk-bolina/assets/js/cms_bxslider.mina352.js]
[bolina.zooka.io/wp-content/themes/zk-bolina/assets/js/cms_bxslider_option8a54.js]
[bolina.zooka.io/wp-content/plugins/js_composer/assets/lib/vc_accordion/vc-accordion.min4245.js]
[bolina.zooka.io/agency-3/index.html]
[bolina.zooka.io/wp-content/plugins/js_composer/assets/lib/vc-tta-autoplay/vc-tta-autoplay.min4245.js]
[bolina.zooka.io/wp-json/oembed/1.0/embedbb7d.json]
[bolina.zooka.io/wp-json/oembed/1.0/embed93aa]
[bolina.zooka.io/wp-content/uploads/2015/11/bagr2115a.jpg]
[bolina.zooka.io/wp-content/uploads/2015/11/abc.png]
[bolina.zooka.io/agency-4/index.html]
[bolina.zooka.io/wp-json/oembed/1.0/embedd219.json]
[bolina.zooka.io/wp-json/oembed/1.0/embedd1ce]
[bolina.zooka.io/wp-content/uploads/2015/08/shutterstock_79509322_huge-1171x780.jpg]
[bolina.zooka.io/wp-content/uploads/2015/08/shutterstock_90185518_huge-1171x780.jpg]
[bolina.zooka.io/wp-content/uploads/2015/08/shutterstock_112762954_supersize-1171x780.jpg]
[bolina.zooka.io/wp-content/uploads/2015/11/shutterstock_124023475_huge-1171x780.jpg]
[bolina.zooka.io/wp-content/uploads/2015/11/crane-1171x780.jpg]
[bolina.zooka.io/wp-content/uploads/2015/11/cards-1171x780.jpg]
[bolina.zooka.io/wp-content/uploads/2015/08/shutterstock_79711114_supersize-1171x780.jpg]
[bolina.zooka.io/wp-content/uploads/2015/11/iStock_000065393843_Medium-1171x780.jpg]
[bolina.zooka.io/wp-content/uploads/2015/09/Untitled-10-1171x780.png]
[bolina.zooka.io/wp-content/themes/zk-bolina/assets/css/cms_lightsliderd5f7.css]
[bolina.zooka.io/wp-content/themes/zk-bolina/assets/js/cms_lightslider4e44.js]
[bolina.zooka.io/potfolio/index.html]
[bolina.zooka.io/wp-content/themes/zk-bolina/assets/js/cms_lightslider_option4e44.js]
[bolina.zooka.io/wp-json/oembed/1.0/embed4cd4.json]
[bolina.zooka.io/wp-json/oembed/1.0/embed021b]
[bolina.zooka.io/wp-content/uploads/2015/11/nznz.jpg]
[bolina.zooka.io/wp-content/uploads/2015/11/bacg.png]
[bolina.zooka.io/cretive/index.html]
[bolina.zooka.io/wp-json/oembed/1.0/embede586.json]
[bolina.zooka.io/wp-json/oembed/1.0/embed6096]
[bolina.zooka.io/wp-content/uploads/2015/08/shutterstock_104386421_supersize-570x787.jpg]
[bolina.zooka.io/wp-content/uploads/2015/08/shutterstock_59710015_supersize-570x380.jpg]
[bolina.zooka.io/wp-content/uploads/2015/08/shutterstock_79711114_supersize-570x570.jpg]
[bolina.zooka.io/wp-content/uploads/2015/08/shutterstock_112762954_supersize-570x570.jpg]
[bolina.zooka.io/wp-content/uploads/2015/08/shutterstock_9811654_supersize-570x855.jpg]
[bolina.zooka.io/wp-content/uploads/2015/08/shutterstock_79509322_huge-570x570.jpg]
[bolina.zooka.io/wp-content/uploads/2015/09/shutterstock_93400783_supersize-570x570.jpg]
[bolina.zooka.io/wp-content/uploads/2015/08/shutterstock_239356933_supersize-570x623.jpg]
[bolina.zooka.io/wp-content/uploads/2015/08/shutterstock_239356957_supersize-570x802.jpg]
[bolina.zooka.io/photography/index.html]
[bolina.zooka.io/wp-json/oembed/1.0/embed6d58.json]
[bolina.zooka.io/wp-json/oembed/1.0/embed2757]
[bolina.zooka.io/wp-content/uploads/2015/10/bg-12e93.jpg]
[bolina.zooka.io/wp-content/uploads/2015/10/image1.png]
[bolina.zooka.io/wp-content/uploads/2015/10/Untitled-1.jpg]
[bolina.zooka.io/wp-content/uploads/2015/11/7.jpg]
[bolina.zooka.io/wp-content/uploads/2015/09/8.jpg]
[bolina.zooka.io/wp-content/uploads/2015/11/logo3.png]
[bolina.zooka.io/wp-content/uploads/2015/09/9.jpg]
[bolina.zooka.io/shop/mini-bag-6/index.html]
[bolina.zooka.io/wp-content/uploads/2015/11/logo1.png]
[bolina.zooka.io/shop/mini-bag-5/index.html]
[bolina.zooka.io/wp-content/uploads/2015/09/10.jpg]
[bolina.zooka.io/wp-content/uploads/2015/09/6771307401_1_1_1.jpg]
[bolina.zooka.io/shop/leather-wallet-5/index.html]
[bolina.zooka.io/shop/vintage-watch-5/index.html]
[bolina.zooka.io/wp-content/uploads/2015/09/3920355800_1_1_1.jpg]
[bolina.zooka.io/shop/leather-wallet-4/index.html]
[bolina.zooka.io/wp-content/uploads/2015/09/5742302040_2_2_1.jpg]
[bolina.zooka.io/wp-content/uploads/2015/11/logo2.png]
[bolina.zooka.io/wp-content/uploads/2015/10/ah.png]
[bolina.zooka.io/1181-2/index.html]
[bolina.zooka.io/shop/vintage-watch-4/index.html]
[bolina.zooka.io/shop/mini-bag-3/index.html]
[bolina.zooka.io/wp-json/oembed/1.0/embedbe4b.json]
[bolina.zooka.io/wp-json/oembed/1.0/embed2d63]
[bolina.zooka.io/wp-content/uploads/2015/11/b-3.jpg]
[bolina.zooka.io/wp-content/uploads/2015/11/b5.jpg]
[bolina.zooka.io/wp-content/uploads/2015/11/b8.png]
[bolina.zooka.io/wp-content/uploads/2015/11/b-6.jpg]
[bolina.zooka.io/wp-content/uploads/2015/11/b11.png]
[bolina.zooka.io/wp-content/uploads/2015/11/bc1.png]
[bolina.zooka.io/fashion-2/index.html]
[bolina.zooka.io/wp-json/oembed/1.0/embed39dd.json]
[bolina.zooka.io/wp-json/oembed/1.0/embed79a9]
[bolina.zooka.io/wp-content/uploads/2015/09/bgfb87.jpg]
[bolina.zooka.io/wp-content/uploads/2015/09/page-title1.jpg]
[bolina.zooka.io/wp-content/uploads/2015/09/logo1.png]
[bolina.zooka.io/wp-content/uploads/2015/09/logo2.png]
[bolina.zooka.io/wp-content/uploads/2015/09/logo3.png]
[bolina.zooka.io/wp-content/uploads/2015/09/logo4.png]
[bolina.zooka.io/wp-content/uploads/2015/09/logo5.png]
[bolina.zooka.io/wp-content/uploads/2015/09/logo6.png]
[bolina.zooka.io/wp-content/plugins/cmssuperheroes/assets/css/bootstrap-progressbar.min276f.css]
[bolina.zooka.io/wp-content/plugins/cmssuperheroes/assets/js/bootstrap-progressbar.min276f.js]
[bolina.zooka.io/wp-content/plugins/cmssuperheroes/assets/js/bootstrap-progressbar.cms8a54.js]
[bolina.zooka.io/about-me/index.html]
[bolina.zooka.io/wp-json/oembed/1.0/embed6b32.json]
[bolina.zooka.io/wp-json/oembed/1.0/embed9443]
[bolina.zooka.io/service/index.html]
[bolina.zooka.io/index2cbf.html]
[bolina.zooka.io/wp-json/oembed/1.0/embed87b2.json]
[bolina.zooka.io/wp-json/oembed/1.0/embedd551]
[bolina.zooka.io/wp-content/uploads/2015/08/shutterstock_104386421_supersize-1171x780.jpg]
[bolina.zooka.io/wp-content/uploads/2015/08/shutterstock_59710015_supersize-1171x780.jpg]
[bolina.zooka.io/gallery-standard/index.html]
[bolina.zooka.io/wp-json/oembed/1.0/embedaffe.json]
[bolina.zooka.io/wp-json/oembed/1.0/embedd7b4]
[bolina.zooka.io/wp-content/uploads/2015/08/shutterstock_9811654_supersize-1171x780.jpg]
[bolina.zooka.io/wp-content/uploads/2015/09/shutterstock_93400783_supersize-1171x780.jpg]
[bolina.zooka.io/wp-content/uploads/2015/08/shutterstock_239356957_supersize-1171x780.jpg]
[bolina.zooka.io/grid-2-column/index.html]
[bolina.zooka.io/wp-json/oembed/1.0/embed0bcf.json]
[bolina.zooka.io/wp-json/oembed/1.0/embedb1ec]
[bolina.zooka.io/grid-3-column/index.html]
[bolina.zooka.io/wp-json/oembed/1.0/embedf5a1.json]
[bolina.zooka.io/wp-json/oembed/1.0/embed7ec3]
[bolina.zooka.io/masonry-2-column/index.html]
[bolina.zooka.io/wp-json/oembed/1.0/embed33d5.json]
[bolina.zooka.io/wp-json/oembed/1.0/embedee51]
[bolina.zooka.io/galleries/index.html]
[bolina.zooka.io/wp-content/uploads/2015/11/0-300x300.jpg]
[bolina.zooka.io/wp-content/uploads/2015/11/3-300x300.jpg]
[bolina.zooka.io/shop/feed/index.html]
[bolina.zooka.io/wp-content/uploads/2015/11/2-300x300.jpg]
[bolina.zooka.io/wp-content/uploads/2015/09/6115301040_2_1_1-300x300.jpg]
[bolina.zooka.io/shop/index222a.html]
[bolina.zooka.io/shop/indexf078.html]
[bolina.zooka.io/wp-content/uploads/2015/09/5547302100_2_1_1-300x300.jpg]
[bolina.zooka.io/wp-content/uploads/2015/09/4873305800_6_1_1-300x300.jpg]
[bolina.zooka.io/shop/leather-wallet/index.html]
[bolina.zooka.io/wp-content/uploads/2015/09/6771307401_1_1_1-300x300.jpg]
[bolina.zooka.io/shop/indexd476.html]
[bolina.zooka.io/wp-content/uploads/2015/09/9-300x300.jpg]
[bolina.zooka.io/shop/leather-wallet-2/index.html]
[bolina.zooka.io/shop/index029d.html]
[bolina.zooka.io/wp-content/uploads/2015/11/7-300x300.jpg]
[bolina.zooka.io/shop/indexfa00.html]
[bolina.zooka.io/shop/leather-wallet-3/index.html]
[bolina.zooka.io/wp-content/uploads/2015/11/6-300x300.jpg]
[bolina.zooka.io/shop/indexac42.html]
[bolina.zooka.io/wp-content/uploads/2015/11/Untitled-11-300x300.jpg]
[bolina.zooka.io/shop/indexd333.html]
[bolina.zooka.io/wp-content/uploads/2015/11/11-300x300.jpg]
[bolina.zooka.io/shop/indexe7c9.html]
[bolina.zooka.io/wp-content/uploads/2015/09/5279302001_2_1_1-300x300.jpg]
[bolina.zooka.io/shop/indexdd75.html]
[bolina.zooka.io/shop/index033a.html]
[bolina.zooka.io/wp-content/uploads/2015/09/5731302040_1_1_1-300x300.jpg]
[bolina.zooka.io/shop/index34c2.html]
[bolina.zooka.io/wp-content/uploads/2015/09/5742302040_2_2_1-300x300.jpg]
[bolina.zooka.io/shop/index93ea.html]
[bolina.zooka.io/shop/mini-bag/index.html]
[bolina.zooka.io/wp-content/uploads/2015/09/5253302032_2_3_1-300x300.jpg]
[bolina.zooka.io/shop/index0e13.html]
[bolina.zooka.io/shop/mini-bag-2/index.html]
[bolina.zooka.io/wp-content/uploads/2015/11/5-300x300.jpg]
[bolina.zooka.io/shop/indexcbcb.html]
[bolina.zooka.io/shop/index4699.html]
[bolina.zooka.io/wp-content/themes/zk-bolina/inc/widgets/fanpage/fanpage5010.js]
[bolina.zooka.io/shop/index.html]
[bolina.zooka.io/shop/page/2/index.html]
[bolina.zooka.io/product-category/bathroom/index.html]
[bolina.zooka.io/product-category/decoration/index.html]
[bolina.zooka.io/product-category/fashion/index.html]
[bolina.zooka.io/product-category/light/index.html]
[bolina.zooka.io/product-category/photography/index.html]
[bolina.zooka.io/product-category/retouching/index.html]
[bolina.zooka.io/product-category/stylish-make-up/index.html]
[bolina.zooka.io/wp-json/oembed/1.0/embedc68d.json]
[bolina.zooka.io/product-category/uncategorized/index.html]
[bolina.zooka.io/product-tag/concept/index.html]
[bolina.zooka.io/shop/vintage-watch-2/index.html]
[bolina.zooka.io/product-tag/lipstick/index.html]
[bolina.zooka.io/wp-json/oembed/1.0/embed1978]
[bolina.zooka.io/product-tag/make-up/index.html]
[bolina.zooka.io/product-tag/photo/index.html]
[bolina.zooka.io/product-tag/shoes/index.html]
[bolina.zooka.io/wp-content/uploads/2015/08/shutterstock_79509322_huge-960x1049.jpg]
[bolina.zooka.io/product-tag/shop/index.html]
[bolina.zooka.io/wp-content/uploads/2015/08/shutterstock_90185518_huge-960x1049.jpg]
[bolina.zooka.io/product-tag/sneaker/index.html]
[bolina.zooka.io/product-tag/trend/index.html]
[bolina.zooka.io/product-tag/white-tee/index.html]
[bolina.zooka.io/wp-content/uploads/2015/08/shutterstock_9811654_supersize-960x1049.jpg]
[bolina.zooka.io/wp-content/uploads/2015/08/shutterstock_79711114_supersize-960x1049.jpg]
[bolina.zooka.io/wp-content/uploads/2015/08/shutterstock_104386421_supersize-960x1049.jpg]
[bolina.zooka.io/wp-content/uploads/2015/08/shutterstock_239356957_supersize-960x1049.jpg]
[bolina.zooka.io/blog/index.html]
[bolina.zooka.io/wp-content/themes/zk-bolina/assets/js/cms_loadmore_blog5152.js]
[bolina.zooka.io/praesent-eu-massa-vel-diam-lao-2/index.html]
[bolina.zooka.io/praesent-eu-massa-vel-diam-lao/index.html]
[bolina.zooka.io/wp-json/oembed/1.0/embed940e.json]
[bolina.zooka.io/praesent-eu-massa-vel-diam-lao-3/index.html]
[bolina.zooka.io/wp-json/oembed/1.0/embedc0ce]
[bolina.zooka.io/wp-content/uploads/2015/09/blog4-66x66.jpg]
[bolina.zooka.io/wp-content/uploads/2015/08/shutterstock_239356957_supersize-66x66.jpg]
[bolina.zooka.io/blog-width-sidebar/index.html]
[bolina.zooka.io/category/blog/index.html]
[bolina.zooka.io/wp-json/oembed/1.0/embedb0ee.json]
[bolina.zooka.io/tag/make-up/index.html]
[bolina.zooka.io/tag/photo/index.html]
[bolina.zooka.io/tag/shop/index.html]
[bolina.zooka.io/wp-json/oembed/1.0/embedd20e]
[bolina.zooka.io/blog-grid-width-sidebar/index.html]
[bolina.zooka.io/wp-content/themes/zk-bolina/assets/js/cms_loadmore_blog_grid5152.js]
[bolina.zooka.io/wp-json/oembed/1.0/embed7e5b.json]
[bolina.zooka.io/wp-json/oembed/1.0/embedc65f]
[bolina.zooka.io/blog-standard/index.html]
[bolina.zooka.io/wp-json/oembed/1.0/embed3bcd.json]
[bolina.zooka.io/wp-json/oembed/1.0/embed600e]
[bolina.zooka.io/contact-us/index.html]
[bolina.zooka.io/wp-content/plugins/woocommerce/assets/css/select2edb1.css]
[bolina.zooka.io/wp-includes/js/zxcvbn-async.min5152.js]
[bolina.zooka.io/wp-json/oembed/1.0/embed0128.json]
[bolina.zooka.io/wp-json/oembed/1.0/embed6e5e]
[bolina.zooka.io/wp-content/plugins/woocommerce/assets/js/frontend/country-select.minedb1.js]
[bolina.zooka.io/wp-content/plugins/woocommerce/assets/js/frontend/address-i18n.minedb1.js]
[bolina.zooka.io/wp-content/plugins/woocommerce/assets/js/frontend/cart.minedb1.js]
[bolina.zooka.io/wp-content/plugins/woocommerce/assets/js/selectWoo/selectWoo.full.min4b68.js]
[bolina.zooka.io/wp-admin/js/password-strength-meter.min5010.js]
[bolina.zooka.io/cart/index.html]
[bolina.zooka.io/wp-content/plugins/woocommerce/assets/js/frontend/password-strength-meter.minedb1.js]
[bolina.zooka.io/wp-json/oembed/1.0/embed41d2.json]
[bolina.zooka.io/wp-json/oembed/1.0/embeda4f4]
[bolina.zooka.io/wp-content/uploads/2015/08/shutterstock_104386421_supersize.jpg]
[bolina.zooka.io/wp-content/uploads/2015/09/Untitled-10-800x450.png]
[bolina.zooka.io/gallery/women-in-the-dark-concept-12/index.html]
[bolina.zooka.io/wp-content/uploads/2015/09/Untitled-10-960x1049.png]
[bolina.zooka.io/wp-content/uploads/2015/09/shutterstock_93400783_supersize-960x1049.jpg]
[bolina.zooka.io/gallery_categories/photography/index.html]
[bolina.zooka.io/wp-json/oembed/1.0/embed4051.json]
[bolina.zooka.io/gallery_categories/photography/feed/index.html]
[bolina.zooka.io/wp-json/oembed/1.0/embedf6b0]
[bolina.zooka.io/wp-content/uploads/2015/08/shutterstock_59710015_supersize.jpg]
[bolina.zooka.io/wp-content/uploads/2015/08/shutterstock_90185518_huge-800x450.jpg]
[bolina.zooka.io/gallery/women-in-the-dark-concept-11/index.html]
[bolina.zooka.io/wp-content/uploads/2015/08/shutterstock_59710015_supersize-960x1049.jpg]
[bolina.zooka.io/gallery_categories/stylish-make-up/index.html]
[bolina.zooka.io/gallery_categories/stylish-make-up/feed/index.html]
[bolina.zooka.io/wp-json/oembed/1.0/embedf991.json]
[bolina.zooka.io/wp-json/oembed/1.0/embed216a]
[bolina.zooka.io/wp-content/uploads/2015/08/shutterstock_79711114_supersize.jpg]
[bolina.zooka.io/wp-content/uploads/2015/09/shutterstock_156357554_huge-800x450.jpg]
[bolina.zooka.io/gallery/women-in-the-dark-concept-10/index.html]
[bolina.zooka.io/wp-content/uploads/2015/09/shutterstock_156357554_huge-960x1049.jpg]
[bolina.zooka.io/gallery_categories/retouching/index.html]
[bolina.zooka.io/gallery_categories/retouching/feed/index.html]
[bolina.zooka.io/wp-json/oembed/1.0/embed362e.json]
[bolina.zooka.io/wp-json/oembed/1.0/embed7064]
[bolina.zooka.io/wp-content/uploads/2015/08/shutterstock_112762954_supersize.jpg]
[bolina.zooka.io/gallery/women-in-the-dark-concept-9/index.html]
[bolina.zooka.io/wp-json/oembed/1.0/embede216.json]
[bolina.zooka.io/wp-json/oembed/1.0/embed4e68]
[bolina.zooka.io/wp-content/uploads/2015/08/shutterstock_9811654_supersize.jpg]
[bolina.zooka.io/gallery/women-in-the-dark-concept-8/index.html]
[bolina.zooka.io/wp-json/oembed/1.0/embede780.json]
[bolina.zooka.io/wp-json/oembed/1.0/embedb020]
[bolina.zooka.io/wp-content/uploads/2015/08/shutterstock_79509322_huge.jpg]
[bolina.zooka.io/gallery/women-in-the-dark-concept-7/index.html]
[bolina.zooka.io/wp-json/oembed/1.0/embed785c.json]
[bolina.zooka.io/wp-json/oembed/1.0/embed90a1]
[bolina.zooka.io/wp-content/uploads/2015/09/shutterstock_93400783_supersize.jpg]
[bolina.zooka.io/gallery/women-in-the-dark-concept-6/index.html]
[bolina.zooka.io/wp-json/oembed/1.0/embedfa87.json]
[bolina.zooka.io/wp-json/oembed/1.0/embeda89a]
[bolina.zooka.io/wp-content/uploads/2015/08/shutterstock_239356933_supersize.jpg]
[bolina.zooka.io/gallery/women-in-the-dark-concept-5/index.html]
[bolina.zooka.io/wp-json/oembed/1.0/embed0811.json]
[bolina.zooka.io/wp-json/oembed/1.0/embed3937]
[bolina.zooka.io/wp-content/uploads/2015/09/Untitled-10.png]
[bolina.zooka.io/gallery/women-in-the-dark-concept/index.html]
[bolina.zooka.io/wp-json/oembed/1.0/embed093a.json]
[bolina.zooka.io/wp-json/oembed/1.0/embedc351]
[bolina.zooka.io/wp-content/uploads/2015/09/shutterstock_156357554_huge.jpg]
[bolina.zooka.io/gallery/women-in-the-dark-concept-2/index.html]
[bolina.zooka.io/wp-json/oembed/1.0/embed50a5.json]
[bolina.zooka.io/wp-json/oembed/1.0/embed271f]
[bolina.zooka.io/wp-content/uploads/2015/08/shutterstock_90185518_huge.jpg]
[bolina.zooka.io/gallery/women-in-the-dark-concept-3/index.html]
[bolina.zooka.io/wp-json/oembed/1.0/embed8607.json]
[bolina.zooka.io/wp-json/oembed/1.0/embed580d]
[bolina.zooka.io/wp-content/uploads/2015/08/shutterstock_239356957_supersize.jpg]
[bolina.zooka.io/gallery/women-in-the-dark-concept-4/index.html]
[bolina.zooka.io/wp-includes/js/mediaelement/mediaelementplayer-legacy.min45a0.css]
[bolina.zooka.io/wp-includes/js/mediaelement/wp-mediaelement.min5010.css]
[bolina.zooka.io/wp-content/plugins/cmssuperheroes/assets/css/owl.carousel30b5.css]
[bolina.zooka.io/wp-content/plugins/revslider/public/assets/fonts/revicons/revicons90c6.svg]
[bolina.zooka.io/wp-content/plugins/woocommerce/assets/fonts/star.svg]
[bolina.zooka.io/wp-content/plugins/woocommerce/assets/fonts/WooCommerce.svg]
[bolina.zooka.io/wp-content/plugins/woocommerce/assets/images/icons/loader.svg]
[bolina.zooka.io/wp-content/plugins/woocommerce/assets/images/icons/credit-cards/visa.svg]
[bolina.zooka.io/wp-content/plugins/woocommerce/assets/images/icons/credit-cards/mastercard.svg]
[bolina.zooka.io/wp-content/plugins/woocommerce/assets/images/icons/credit-cards/laser.svg]
[bolina.zooka.io/wp-content/plugins/woocommerce/assets/images/icons/credit-cards/diners.svg]
[bolina.zooka.io/wp-content/plugins/woocommerce/assets/images/icons/credit-cards/maestro.svg]
[bolina.zooka.io/wp-content/plugins/woocommerce/assets/images/icons/credit-cards/jcb.svg]
[bolina.zooka.io/wp-content/plugins/woocommerce/assets/images/icons/credit-cards/amex.svg]
[bolina.zooka.io/wp-content/plugins/woocommerce/assets/images/icons/credit-cards/discover.svg]
[bolina.zooka.io/wp-content/plugins/js_composer/assets/lib/bower/font-awesome/fonts/fontawesome-webfont3e6e.svg]
[bolina.zooka.io/wp-content/themes/zk-bolina/assets/fonts/Pe-icon-7-strokebb1d.svg]
[bolina.zooka.io/wp-content/plugins/js_composer/assets/fonts/vc_icons_v2/fonts/vcpb-plugin-iconsb82a.svg]
[bolina.zooka.io/wp-content/plugins/js_composer/assets/vc/blur.svg]
[bolina.zooka.io/wp-content/plugins/js_composer/assets/fonts/vc_grid/vc_grid_v157a1.svg]
[bolina.zooka.io/indexed0f.html]
[bolina.zooka.io/wp-json/oembed/1.0/embedd7dd.json]
[bolina.zooka.io/praesent-eu-massa-vel-diam-lao-6/feed/index.html]
[bolina.zooka.io/wp-json/oembed/1.0/embede327]
[bolina.zooka.io/wp-content/uploads/2015/08/shutterstock_93400783_supersize.jpg]
[bolina.zooka.io/wp-logind782.html]
[bolina.zooka.io/praesent-eu-massa-vel-diam-lao-6/index.html]
[bolina.zooka.io/2015/09/18/index.html]
[bolina.zooka.io/wp-includes/js/comment-reply.min5010.js]
[bolina.zooka.io/wp-json/oembed/1.0/embed4e6b.json]
[bolina.zooka.io/praesent-eu-massa-vel-diam-lao-5/feed/index.html]
[bolina.zooka.io/wp-json/oembed/1.0/embed884f]
[bolina.zooka.io/wp-content/uploads/2015/08/shutterstock_79509322_huge-150x150.jpg]
[bolina.zooka.io/wp-content/uploads/2015/08/shutterstock_90185518_huge-150x150.jpg]
[bolina.zooka.io/wp-content/uploads/2015/08/shutterstock_9811654_supersize-150x150.jpg]
[bolina.zooka.io/project/women-in-the-dark-concept-8/shutterstock_79509322_huge/index.html]
[bolina.zooka.io/wp-content/uploads/2015/08/shutterstock_93400783_supersize-150x150.jpg]
[bolina.zooka.io/project/women-in-the-dark-concept-9/shutterstock_90185518_huge/index.html]
[bolina.zooka.io/wp-content/uploads/2015/08/shutterstock_79711114_supersize-150x150.jpg]
[bolina.zooka.io/wp-content/uploads/2015/08/shutterstock_104386421_supersize-150x150.jpg]
[bolina.zooka.io/project/women-in-the-dark-concept-11/shutterstock_93400783_supersize/index.html]
[bolina.zooka.io/wp-content/uploads/2015/08/shutterstock_239356933_supersize-150x150.jpg]
[bolina.zooka.io/project/women-in-the-dark-concept-7/shutterstock_9811654_supersize/index.html]
[bolina.zooka.io/project/women-in-the-dark-concept-10/shutterstock_79711114_supersize/index.html]
[bolina.zooka.io/wp-content/uploads/2015/08/shutterstock_112762954_supersize-150x150.jpg]
[bolina.zooka.io/project/women-in-the-dark-concept-5/shutterstock_104386421_supersize/index.html]
[bolina.zooka.io/project/women-in-the-dark-concept-3/shutterstock_239356933_supersize/index.html]
[bolina.zooka.io/project/women-in-the-dark-concept/shutterstock_112762954_supersize/index.html]
[bolina.zooka.io/praesent-eu-massa-vel-diam-lao-5/index.html]
[bolina.zooka.io/index9c73.html]
[bolina.zooka.io/index09e5.html]
[bolina.zooka.io/wp-loginf9bb.html]
[bolina.zooka.io/wp-json/oembed/1.0/embed8fb6.json]
[bolina.zooka.io/shop/leather-wallet-6/feed/index.html]
[bolina.zooka.io/wp-json/oembed/1.0/embed4ed3]
[bolina.zooka.io/wp-content/uploads/2015/11/0-600x659.jpg]
[bolina.zooka.io/wp-logina649.html]
[bolina.zooka.io/wp-content/uploads/2015/11/4-300x300.jpg]
[bolina.zooka.io/shop/leather-wallet-6/index.html]
[bolina.zooka.io/wp-content/plugins/woocommerce/assets/js/frontend/single-product.minedb1.js]
[bolina.zooka.io/shop/leather-wallet-6/index93ea.html]
[bolina.zooka.io/shop/leather-wallet-6/index8205.html]
[bolina.zooka.io/shop/leather-wallet-6/indexd476.html]
[bolina.zooka.io/wp-json/oembed/1.0/embed2243.json]
[bolina.zooka.io/shop/leather-wallet-8/feed/index.html]
[bolina.zooka.io/wp-json/oembed/1.0/embede5f3]
[bolina.zooka.io/wp-content/uploads/2015/11/2-600x659.jpg]
[bolina.zooka.io/shop/leather-wallet-8/index.html]
[bolina.zooka.io/wp-login468c.html]
[bolina.zooka.io/shop/leather-wallet-8/index222a.html]
[bolina.zooka.io/shop/leather-wallet-8/index8205.html]
[bolina.zooka.io/wp-json/oembed/1.0/embed6a59.json]
[bolina.zooka.io/shop/leather-wallet-8/index93ea.html]
[bolina.zooka.io/shop/leather-wallet-7/feed/index.html]
[bolina.zooka.io/wp-json/oembed/1.0/embed1307]
[bolina.zooka.io/wp-content/uploads/2015/11/3-600x659.jpg]
[bolina.zooka.io/shop/leather-wallet-7/index.html]
[bolina.zooka.io/wp-login0541.html]
[bolina.zooka.io/shop/leather-wallet-7/index34c2.html]
[bolina.zooka.io/shop/leather-wallet-7/indexdd75.html]
[bolina.zooka.io/shop/mini-bag-8/feed/index.html]
[bolina.zooka.io/wp-json/oembed/1.0/embedaecd.json]
[bolina.zooka.io/wp-json/oembed/1.0/embed0c14]
[bolina.zooka.io/wp-content/uploads/2015/11/Untitled-11-600x659.jpg]
[bolina.zooka.io/shop/mini-bag-8/index.html]
[bolina.zooka.io/wp-logind2ed.html]
[bolina.zooka.io/shop/mini-bag-8/indexf078.html]
[bolina.zooka.io/shop/mini-bag-8/indexdd75.html]
[bolina.zooka.io/shop/vintage-watch-7/feed/index.html]
[bolina.zooka.io/wp-json/oembed/1.0/embedddf5.json]
[bolina.zooka.io/wp-json/oembed/1.0/embed4538]
[bolina.zooka.io/wp-content/uploads/2015/11/4-600x659.jpg]
[bolina.zooka.io/shop/vintage-watch-7/index.html]
[bolina.zooka.io/wp-loginbe6c.html]
[bolina.zooka.io/shop/vintage-watch-7/indexd476.html]
[bolina.zooka.io/shop/vintage-watch-7/index222a.html]
[bolina.zooka.io/wp-json/oembed/1.0/embedca64.json]
[bolina.zooka.io/shop/vintage-watch-7/index93ea.html]
[bolina.zooka.io/shop/mini-bag-9/feed/index.html]
[bolina.zooka.io/wp-json/oembed/1.0/embedc99d]
[bolina.zooka.io/wp-content/uploads/2015/11/11-600x659.jpg]
[bolina.zooka.io/shop/mini-bag-9/index.html]
[bolina.zooka.io/wp-loginf0d6.html]
[bolina.zooka.io/shop/mini-bag-9/index222a.html]
[bolina.zooka.io/shop/mini-bag-9/index8205.html]
[bolina.zooka.io/wp-json/oembed/1.0/embed66e1.json]
[bolina.zooka.io/shop/mini-bag-9/indexd476.html]
[bolina.zooka.io/shop/vintage-watch-6/feed/index.html]
[bolina.zooka.io/wp-json/oembed/1.0/embed63a7]
[bolina.zooka.io/wp-content/uploads/2015/11/5-600x659.jpg]
[bolina.zooka.io/shop/vintage-watch-6/index.html]
[bolina.zooka.io/wp-login5cfa.html]
[bolina.zooka.io/wp-json/oembed/1.0/embedfb42.json]
[bolina.zooka.io/shop/vintage-watch-6/index033a.html]
[bolina.zooka.io/shop/mini-bag-7/feed/index.html]
[bolina.zooka.io/wp-json/oembed/1.0/embed9241]
[bolina.zooka.io/wp-content/uploads/2015/11/6-600x659.jpg]
[bolina.zooka.io/shop/mini-bag-7/index.html]
[bolina.zooka.io/wp-login11c5.html]
[bolina.zooka.io/wp-json/oembed/1.0/embedcc32.json]
[bolina.zooka.io/shop/mini-bag-7/index0441.html]
[bolina.zooka.io/praesent-eu-massa-vel-diam-lao-4/feed/index.html]
[bolina.zooka.io/wp-json/oembed/1.0/embedc66c]
[bolina.zooka.io/praesent-eu-massa-vel-diam-lao-4/index.html]
[bolina.zooka.io/index3dea.html]
[bolina.zooka.io/indexd2ad.html]
[bolina.zooka.io/index320d.html]
[bolina.zooka.io/wp-content/themes/zk-bolina/assets/css/cms_bxslidera352.css]
[bolina.zooka.io/wp-content/plugins/js_composer/assets/css/js_composer_tta.min4245.css]
[bolina.zooka.io/index6f61.html]
[bolina.zooka.io/index004f.html]
[bolina.zooka.io/wp-content/themes/zk-bolina/assets/css/cms_lightsliderd5f7.css]
[bolina.zooka.io/index4978.html]
[bolina.zooka.io/wp-content/uploads/2015/11/photo-1438576714005-7372d9c25c93bư19009.jpg]
[bolina.zooka.io/index26d0.html]
[bolina.zooka.io/indexcd03.html]
[bolina.zooka.io/wp-login56a8.html]
[bolina.zooka.io/wp-json/oembed/1.0/embed42f2.json]
[bolina.zooka.io/shop/mini-bag-6/feed/index.html]
[bolina.zooka.io/wp-json/oembed/1.0/embed4a3f]
[bolina.zooka.io/wp-content/uploads/2015/11/7-600x659.jpg]
[bolina.zooka.io/shop/mini-bag-6/index.html]
[bolina.zooka.io/wp-logined2f.html]
[bolina.zooka.io/shop/mini-bag-6/indexf078.html]
[bolina.zooka.io/shop/mini-bag-6/index34c2.html]
[bolina.zooka.io/shop/mini-bag-5/feed/index.html]
[bolina.zooka.io/wp-json/oembed/1.0/embedb339.json]
[bolina.zooka.io/wp-json/oembed/1.0/embed98a7]
[bolina.zooka.io/wp-content/uploads/2015/09/8-600x659.jpg]
[bolina.zooka.io/wp-loginb969.html]
[bolina.zooka.io/wp-content/uploads/2015/09/10-300x300.jpg]
[bolina.zooka.io/shop/mini-bag-5/index.html]
[bolina.zooka.io/wp-json/oembed/1.0/embedd8c1.json]
[bolina.zooka.io/shop/mini-bag-5/indexd333.html]
[bolina.zooka.io/shop/mini-bag-5/index17f4.html]
[bolina.zooka.io/shop/mini-bag-5/indexe7c9.html]
[bolina.zooka.io/shop/mini-bag-5/indexac42.html]
[bolina.zooka.io/wp-json/oembed/1.0/embedb6a5]
[bolina.zooka.io/shop/mini-bag-5/indexfa00.html]
[bolina.zooka.io/shop/leather-wallet-5/feed/index.html]
[bolina.zooka.io/wp-content/uploads/2015/09/9-600x659.jpg]
[bolina.zooka.io/wp-logine685.html]
[bolina.zooka.io/wp-content/uploads/2015/09/8-300x300.jpg]
[bolina.zooka.io/shop/leather-wallet-5/index.html]
[bolina.zooka.io/shop/leather-wallet-5/indexac42.html]
[bolina.zooka.io/shop/leather-wallet-5/indexfa00.html]
[bolina.zooka.io/wp-json/oembed/1.0/embedeb47.json]
[bolina.zooka.io/shop/leather-wallet-5/index3711.html]
[bolina.zooka.io/shop/leather-wallet-5/index21ab.html]
[bolina.zooka.io/shop/leather-wallet-5/index17f4.html]
[bolina.zooka.io/shop/vintage-watch-5/feed/index.html]
[bolina.zooka.io/wp-json/oembed/1.0/embed4b12]
[bolina.zooka.io/wp-content/uploads/2015/09/10-600x659.jpg]
[bolina.zooka.io/wp-login7069.html]
[bolina.zooka.io/wp-content/uploads/2015/09/1323209520_1_1_1-300x300.jpg]
[bolina.zooka.io/shop/vintage-watch-5/index.html]
[bolina.zooka.io/wp-json/oembed/1.0/embed6626.json]
[bolina.zooka.io/shop/vintage-watch-5/index21ab.html]
[bolina.zooka.io/shop/vintage-watch-5/indexd333.html]
[bolina.zooka.io/shop/vintage-watch-5/index029d.html]
[bolina.zooka.io/shop/mini-bag-4/index.html]
[bolina.zooka.io/wp-json/oembed/1.0/embedeab1]
[bolina.zooka.io/shop/vintage-watch-5/index7cc2.html]
[bolina.zooka.io/shop/vintage-watch-5/indexe7c9.html]
[bolina.zooka.io/shop/leather-wallet-4/feed/index.html]
[bolina.zooka.io/wp-content/uploads/2015/09/6771307401_1_1_1-600x697.jpg]
[bolina.zooka.io/wp-login10f8.html]
[bolina.zooka.io/wp-content/uploads/2015/09/3920355800_1_1_1-300x300.jpg]
[bolina.zooka.io/shop/leather-wallet-4/index.html]
[bolina.zooka.io/shop/leather-wallet-4/index17f4.html]
[bolina.zooka.io/shop/leather-wallet-4/index7cc2.html]
[bolina.zooka.io/wp-json/oembed/1.0/embed0961.json]
[bolina.zooka.io/shop/leather-wallet-4/index57ef.html]
[bolina.zooka.io/shop/leather-wallet-4/index21ab.html]
[bolina.zooka.io/shop/leather-wallet-4/index4699.html]
[bolina.zooka.io/shop/vintage-watch-4/feed/index.html]
[bolina.zooka.io/wp-json/oembed/1.0/embed2665]
[bolina.zooka.io/wp-content/uploads/2015/09/3920355800_1_1_1-600x697.jpg]
[bolina.zooka.io/wp-loginf6a3.html]
[bolina.zooka.io/wp-content/uploads/2015/09/6062305004_1_1_1-300x300.jpg]
[bolina.zooka.io/shop/vintage-watch-4/index.html]
[bolina.zooka.io/shop/vintage-watch-4/indexd333.html]
[bolina.zooka.io/shop/vintage-watch-4/index4699.html]
[bolina.zooka.io/shop/vintage-watch-4/indexe7c9.html]
[bolina.zooka.io/wp-json/oembed/1.0/embede99c.json]
[bolina.zooka.io/shop/vintage-watch-4/index3711.html]
[bolina.zooka.io/shop/vintage-watch-3/index.html]
[bolina.zooka.io/wp-json/oembed/1.0/embed625b]
[bolina.zooka.io/shop/vintage-watch-4/index9ced.html]
[bolina.zooka.io/shop/mini-bag-3/feed/index.html]
[bolina.zooka.io/wp-content/uploads/2015/09/5742302040_2_2_1-600x600.jpg]
[bolina.zooka.io/shop/mini-bag-3/index.html]
[bolina.zooka.io/indexa414.html]
[bolina.zooka.io/wp-loginaddb.html]
[bolina.zooka.io/shop/mini-bag-3/index9ced.html]
[bolina.zooka.io/shop/mini-bag-3/indexfa00.html]
[bolina.zooka.io/index481e.html]
[bolina.zooka.io/wp-content/plugins/cmssuperheroes/assets/css/bootstrap-progressbar.min276f.css]
[bolina.zooka.io/indexd2e2.html]
[bolina.zooka.io/index664b.html]
[bolina.zooka.io/index8ebd.html]
[bolina.zooka.io/index401a.html]
[bolina.zooka.io/indexd666.html]
[bolina.zooka.io/index4c66.html]
[bolina.zooka.io/shop/index222a.html]
[bolina.zooka.io/shop/indexf078.html]
[bolina.zooka.io/shop/mini-bag-3/index0e13.html]
[bolina.zooka.io/shop/mini-bag-3/indexd333.html]
[bolina.zooka.io/wp-content/uploads/2015/09/5731302040_2_1_1-300x300.jpg]
[bolina.zooka.io/shop/indexd476.html]
[bolina.zooka.io/shop/mini-bag-3/index57ef.html]
[bolina.zooka.io/wp-json/oembed/1.0/embed56b1.json]
[bolina.zooka.io/shop/vintage-watch/index.html]
[bolina.zooka.io/shop/leather-wallet/feed/index.html]
[bolina.zooka.io/wp-json/oembed/1.0/embed289f]
[bolina.zooka.io/wp-content/uploads/2015/09/6115301040_2_1_1.jpg]
[bolina.zooka.io/wp-content/uploads/2015/09/6115301040_2_1_1-600x600.jpg]
[bolina.zooka.io/shop/leather-wallet/index.html]
[bolina.zooka.io/shop/index029d.html]
[bolina.zooka.io/wp-login87a2.html]
[bolina.zooka.io/shop/leather-wallet/index7cc2.html]
[bolina.zooka.io/shop/leather-wallet/indexd333.html]
[bolina.zooka.io/shop/leather-wallet/index17f4.html]
[bolina.zooka.io/shop/leather-wallet/index21ab.html]
[bolina.zooka.io/wp-json/oembed/1.0/embed5fe3.json]
[bolina.zooka.io/shop/leather-wallet-2/feed/index.html]
[bolina.zooka.io/wp-json/oembed/1.0/embed5d2c]
[bolina.zooka.io/wp-content/uploads/2015/09/5547302100_2_1_1.jpg]
[bolina.zooka.io/wp-content/uploads/2015/09/5547302100_2_1_1-600x600.jpg]
[bolina.zooka.io/shop/leather-wallet-2/index.html]
[bolina.zooka.io/wp-login54a0.html]
[bolina.zooka.io/shop/indexfa00.html]
[bolina.zooka.io/shop/leather-wallet-2/index4699.html]
[bolina.zooka.io/shop/leather-wallet-2/index9ced.html]
[bolina.zooka.io/shop/leather-wallet-2/indexe7c9.html]
[bolina.zooka.io/shop/leather-wallet-2/index21ab.html]
[bolina.zooka.io/wp-json/oembed/1.0/embed0cf5.json]
[bolina.zooka.io/shop/leather-wallet-2/indexcbcb.html]
[bolina.zooka.io/shop/leather-wallet-3/feed/index.html]
[bolina.zooka.io/wp-json/oembed/1.0/embedf21b]
[bolina.zooka.io/wp-content/uploads/2015/09/4873305800_6_1_1.jpg]
[bolina.zooka.io/wp-content/uploads/2015/09/4873305800_6_1_1-600x744.jpg]
[bolina.zooka.io/shop/leather-wallet-3/index.html]
[bolina.zooka.io/shop/indexac42.html]
[bolina.zooka.io/wp-login76ef.html]
[bolina.zooka.io/shop/leather-wallet-3/indexe7c9.html]
[bolina.zooka.io/shop/leather-wallet-3/index3711.html]
[bolina.zooka.io/shop/indexd333.html]
[bolina.zooka.io/shop/indexe7c9.html]
[bolina.zooka.io/shop/indexdd75.html]
[bolina.zooka.io/shop/index033a.html]
[bolina.zooka.io/shop/index34c2.html]
[bolina.zooka.io/shop/index93ea.html]
[bolina.zooka.io/shop/leather-wallet-3/indexcbcb.html]
[bolina.zooka.io/shop/leather-wallet-3/index57ef.html]
[bolina.zooka.io/shop/leather-wallet-3/index21ab.html]
[bolina.zooka.io/wp-json/oembed/1.0/embed1f25.json]
[bolina.zooka.io/shop/mini-bag/feed/index.html]
[bolina.zooka.io/wp-json/oembed/1.0/embed7290]
[bolina.zooka.io/wp-content/uploads/2015/09/5279302001_2_1_1.jpg]
[bolina.zooka.io/wp-content/uploads/2015/09/5279302001_2_1_1-600x600.jpg]
[bolina.zooka.io/shop/mini-bag/index.html]
[bolina.zooka.io/shop/index0e13.html]
[bolina.zooka.io/wp-loginb84a.html]
[bolina.zooka.io/shop/mini-bag/indexfa00.html]
[bolina.zooka.io/shop/mini-bag/index9ced.html]
[bolina.zooka.io/wp-json/oembed/1.0/embed0491.json]
[bolina.zooka.io/shop/mini-bag/index4699.html]
[bolina.zooka.io/shop/mini-bag-2/feed/index.html]
[bolina.zooka.io/wp-json/oembed/1.0/embede6c6]
[bolina.zooka.io/wp-content/uploads/2015/09/5731302040_1_1_1.jpg]
[bolina.zooka.io/wp-content/uploads/2015/09/5731302040_1_1_1-600x600.jpg]
[bolina.zooka.io/shop/mini-bag-2/index.html]
[bolina.zooka.io/shop/indexcbcb.html]
[bolina.zooka.io/wp-loginc3ec.html]
[bolina.zooka.io/shop/mini-bag-2/index7cc2.html]
[bolina.zooka.io/shop/mini-bag-2/indexac42.html]
[bolina.zooka.io/shop/index4699.html]
[bolina.zooka.io/shop/page/2/index.html]
[bolina.zooka.io/shop/mini-bag-2/index57ef.html]
[bolina.zooka.io/product-category/bathroom/index.html]
[bolina.zooka.io/shop/mini-bag-2/index21ab.html]
[bolina.zooka.io/shop/mini-bag-2/indexecb0.html]
[bolina.zooka.io/product-category/decoration/index.html]
[bolina.zooka.io/shop/page/2/index21ab.html]
[bolina.zooka.io/shop/page/2/index7cc2.html]
[bolina.zooka.io/shop/page/2/index0441.html]
[bolina.zooka.io/product-category/fashion/index.html]
[bolina.zooka.io/shop/page/2/index8205.html]
[bolina.zooka.io/shop/page/2/indexecb0.html]
[bolina.zooka.io/shop/page/2/index3711.html]
[bolina.zooka.io/shop/page/2/index9ced.html]
[bolina.zooka.io/product-category/light/index.html]
[bolina.zooka.io/shop/page/2/index57ef.html]
[bolina.zooka.io/shop/page/2/index17f4.html]
[bolina.zooka.io/product-category/bathroom/feed/index.html]
[bolina.zooka.io/product-category/photography/index.html]
[bolina.zooka.io/product-category/bathroom/index033a.html]
[bolina.zooka.io/product-category/decoration/feed/index.html]
[bolina.zooka.io/product-category/bathroom/index0441.html]
[bolina.zooka.io/product-category/decoration/index222a.html]
[bolina.zooka.io/product-category/retouching/index.html]
[bolina.zooka.io/product-category/decoration/indexd476.html]
[bolina.zooka.io/product-category/decoration/index93ea.html]
[bolina.zooka.io/product-category/fashion/feed/index.html]
[bolina.zooka.io/product-category/decoration/index8205.html]
[bolina.zooka.io/product-category/stylish-make-up/index.html]
[bolina.zooka.io/product-category/uncategorized/index.html]
[bolina.zooka.io/product-category/fashion/indexcbcb.html]
[bolina.zooka.io/product-category/light/feed/index.html]
[bolina.zooka.io/product-category/fashion/indexecb0.html]
[bolina.zooka.io/product-category/light/indexf078.html]
[bolina.zooka.io/product-category/light/indexdd75.html]
[bolina.zooka.io/product-category/photography/feed/index.html]
[bolina.zooka.io/wp-json/oembed/1.0/embedab5f.json]
[bolina.zooka.io/product-category/light/index34c2.html]
[bolina.zooka.io/product-category/photography/indexfa00.html]
[bolina.zooka.io/product-category/photography/index0e13.html]
[bolina.zooka.io/product-category/photography/index4699.html]
[bolina.zooka.io/wp-json/oembed/1.0/embed8efd]
[bolina.zooka.io/product-category/retouching/feed/index.html]
[bolina.zooka.io/product-category/photography/index9ced.html]
[bolina.zooka.io/product-category/retouching/indexac42.html]
[bolina.zooka.io/wp-content/uploads/2015/09/5253302032_2_3_1.jpg]
[bolina.zooka.io/product-category/retouching/indexe7c9.html]
[bolina.zooka.io/product-category/retouching/index3711.html]
[bolina.zooka.io/product-category/retouching/index57ef.html]
[bolina.zooka.io/wp-content/uploads/2015/09/5253302032_2_3_1-600x600.jpg]
[bolina.zooka.io/product-category/stylish-make-up/feed/index.html]
[bolina.zooka.io/product-category/stylish-make-up/index029d.html]
[bolina.zooka.io/product-category/stylish-make-up/indexd333.html]
[bolina.zooka.io/product-category/stylish-make-up/index7cc2.html]
[bolina.zooka.io/wp-login4124.html]
[bolina.zooka.io/shop/vintage-watch-2/index.html]
[bolina.zooka.io/product-category/stylish-make-up/index21ab.html]
[bolina.zooka.io/product-category/stylish-make-up/index17f4.html]
[bolina.zooka.io/product-category/uncategorized/feed/index.html]
[bolina.zooka.io/product-tag/concept/index.html]
[bolina.zooka.io/shop/vintage-watch-2/feed/index.html]
[bolina.zooka.io/product-tag/lipstick/index.html]
[bolina.zooka.io/shop/vintage-watch-2/indexac42.html]
[bolina.zooka.io/shop/vintage-watch-2/index57ef.html]
[bolina.zooka.io/product-tag/make-up/index.html]
[bolina.zooka.io/shop/vintage-watch-2/indexe7c9.html]
[bolina.zooka.io/product-tag/concept/feed/index.html]
[bolina.zooka.io/product-tag/photo/index.html]
[bolina.zooka.io/product-tag/concept/indexd333.html]
[bolina.zooka.io/product-tag/lipstick/feed/index.html]
[bolina.zooka.io/product-tag/shoes/index.html]
[bolina.zooka.io/product-tag/lipstick/indexcbcb.html]
[bolina.zooka.io/product-tag/lipstick/index7cc2.html]
[bolina.zooka.io/product-tag/shop/index.html]
[bolina.zooka.io/product-tag/make-up/feed/index.html]
[bolina.zooka.io/product-tag/make-up/indexfa00.html]
[bolina.zooka.io/product-tag/sneaker/index.html]
[bolina.zooka.io/product-tag/make-up/indexe7c9.html]
[bolina.zooka.io/product-tag/make-up/index21ab.html]
[bolina.zooka.io/product-tag/trend/index.html]
[bolina.zooka.io/product-tag/photo/feed/index.html]
[bolina.zooka.io/product-tag/photo/indexe7c9.html]
[bolina.zooka.io/product-tag/white-tee/index.html]
[bolina.zooka.io/product-tag/photo/index17f4.html]
[bolina.zooka.io/product-tag/shoes/feed/index.html]
[bolina.zooka.io/index049d.html]
[bolina.zooka.io/product-tag/shoes/indexd333.html]
[bolina.zooka.io/product-tag/shoes/index4699.html]
[bolina.zooka.io/product-tag/shoes/index57ef.html]
[bolina.zooka.io/product-tag/shop/feed/index.html]
[bolina.zooka.io/product-tag/shop/indexfa00.html]
[bolina.zooka.io/product-tag/shop/indexcbcb.html]
[bolina.zooka.io/product-tag/shop/index21ab.html]
[bolina.zooka.io/product-tag/shop/indexac42.html]
[bolina.zooka.io/wp-json/oembed/1.0/embed89c8.json]
[bolina.zooka.io/product-tag/shop/index9ced.html]
[bolina.zooka.io/product-tag/sneaker/index7cc2.html]
[bolina.zooka.io/product-tag/sneaker/feed/index.html]
[bolina.zooka.io/product-tag/trend/feed/index.html]
[bolina.zooka.io/wp-json/oembed/1.0/embede9f5]
[bolina.zooka.io/product-tag/white-tee/feed/index.html]
[bolina.zooka.io/product-tag/trend/index17f4.html]
[bolina.zooka.io/product-tag/white-tee/indexac42.html]
[bolina.zooka.io/wp-login3b91.html]
[bolina.zooka.io/praesent-eu-massa-vel-diam-lao-2/index.html]
[bolina.zooka.io/product-tag/white-tee/indexcbcb.html]
[bolina.zooka.io/product-tag/white-tee/index9ced.html]
[bolina.zooka.io/product-tag/white-tee/index57ef.html]
[bolina.zooka.io/praesent-eu-massa-vel-diam-lao-2/feed/index.html]
[bolina.zooka.io/praesent-eu-massa-vel-diam-lao/feed/index.html]
[bolina.zooka.io/wp-json/oembed/1.0/embed26f4.json]
[bolina.zooka.io/wp-json/oembed/1.0/embede293]
[bolina.zooka.io/praesent-eu-massa-vel-diam-lao/index.html]
[bolina.zooka.io/wp-login52a7.html]
[bolina.zooka.io/wp-json/oembed/1.0/embed8d64.json]
[bolina.zooka.io/praesent-eu-massa-vel-diam-lao-3/feed/index.html]
[bolina.zooka.io/wp-json/oembed/1.0/embed7b73]
[bolina.zooka.io/praesent-eu-massa-vel-diam-lao-3/index.html]
[bolina.zooka.io/index7914.html]
[bolina.zooka.io/category/blog/index.html]
[bolina.zooka.io/tag/make-up/index.html]
[bolina.zooka.io/tag/photo/index.html]
[bolina.zooka.io/wp-loginb9ea.html]
[bolina.zooka.io/tag/shop/index.html]
[bolina.zooka.io/category/blog/feed/index.html]
[bolina.zooka.io/index7065.html]
[bolina.zooka.io/indexa7f7.html]
[bolina.zooka.io/index79e7.html]
[bolina.zooka.io/wp-content/plugins/woocommerce/assets/css/select2edb1.css]
[bolina.zooka.io/indexc5f9.html]
[bolina.zooka.io/index8ce5.html]
[bolina.zooka.io/index9b9e.html]
[bolina.zooka.io/indexbc6e.html]
[bolina.zooka.io/index6c15.html]
[bolina.zooka.io/indexda6e.html]
[bolina.zooka.io/indexc508.html]
[bolina.zooka.io/index2d25.html]
[bolina.zooka.io/index7255.html]
[bolina.zooka.io/indexdba8.html]
[bolina.zooka.io/index0a18.html]
[bolina.zooka.io/index5b8d.html]
[bolina.zooka.io/indexa862.html]
[bolina.zooka.io/wp-includes/js/mediaelement/mejs-controls.svg]
[bolina.zooka.io/wp-content/plugins/cmssuperheroes/assets/css/owl.video.play.jpg]
[bolina.zooka.io/index14d6.html]
[bolina.zooka.io/tag/make-up/feed/index.html]
[pinterest.com/pin/create/button/indexf23e.html]
[bolina.zooka.io/tag/shop/feed/index.html]
[bolina.zooka.io/tag/photo/feed/index.html]
[bolina.zooka.io/wp-logind782.html]
[bolina.zooka.io/indexe0b9.html]
[bolina.zooka.io/wp-admin/load-styles6c4d.css]
[bolina.zooka.io/wp-json/oembed/1.0/embed059f.json]
[bolina.zooka.io/project/women-in-the-dark-concept-8/shutterstock_79509322_huge/feed/index.html]
[bolina.zooka.io/wp-json/oembed/1.0/embeda37e]
[bolina.zooka.io/wp-content/uploads/2015/08/shutterstock_79509322_huge-300x300.jpg]
[bolina.zooka.io/project/women-in-the-dark-concept-8/index.html]
[bolina.zooka.io/project/women-in-the-dark-concept-8/shutterstock_79509322_huge/index.html]
[bolina.zooka.io/wp-logina646.html]
[bolina.zooka.io/wp-json/oembed/1.0/embedcf41.json]
[bolina.zooka.io/project/women-in-the-dark-concept-9/shutterstock_90185518_huge/feed/index.html]
[bolina.zooka.io/wp-json/oembed/1.0/embed11d7]
[bolina.zooka.io/wp-content/uploads/2015/08/shutterstock_90185518_huge-300x300.jpg]
[bolina.zooka.io/project/women-in-the-dark-concept-9/index.html]
[bolina.zooka.io/project/women-in-the-dark-concept-9/shutterstock_90185518_huge/index.html]
[bolina.zooka.io/wp-login7943.html]
[bolina.zooka.io/wp-json/oembed/1.0/embede550.json]
[bolina.zooka.io/project/women-in-the-dark-concept-7/shutterstock_9811654_supersize/feed/index.html]
[bolina.zooka.io/wp-json/oembed/1.0/embedae31]
[bolina.zooka.io/wp-content/uploads/2015/08/shutterstock_9811654_supersize-200x300.jpg]
[bolina.zooka.io/project/women-in-the-dark-concept-7/index.html]
[bolina.zooka.io/project/women-in-the-dark-concept-7/shutterstock_9811654_supersize/index.html]
[bolina.zooka.io/wp-login4e11.html]
[bolina.zooka.io/wp-json/oembed/1.0/embed466c.json]
[bolina.zooka.io/project/women-in-the-dark-concept-11/shutterstock_93400783_supersize/feed/index.html]
[bolina.zooka.io/wp-json/oembed/1.0/embeda24e]
[bolina.zooka.io/wp-content/uploads/2015/08/shutterstock_93400783_supersize-300x300.jpg]
[bolina.zooka.io/project/women-in-the-dark-concept-11/index.html]
[bolina.zooka.io/project/women-in-the-dark-concept-11/shutterstock_93400783_supersize/index.html]
[bolina.zooka.io/wp-login53b2.html]
[bolina.zooka.io/wp-json/oembed/1.0/embed121b.json]
[bolina.zooka.io/project/women-in-the-dark-concept-10/shutterstock_79711114_supersize/feed/index.html]
[bolina.zooka.io/wp-json/oembed/1.0/embed53be]
[bolina.zooka.io/wp-content/uploads/2015/08/shutterstock_79711114_supersize-300x300.jpg]
[bolina.zooka.io/project/women-in-the-dark-concept-10/index.html]
[bolina.zooka.io/project/women-in-the-dark-concept-10/shutterstock_79711114_supersize/index.html]
[bolina.zooka.io/wp-login8bc0.html]
[bolina.zooka.io/wp-json/oembed/1.0/embed3f2d.json]
[bolina.zooka.io/project/women-in-the-dark-concept-5/shutterstock_104386421_supersize/feed/index.html]
[bolina.zooka.io/wp-json/oembed/1.0/embed14d2]
[bolina.zooka.io/wp-content/uploads/2015/08/shutterstock_104386421_supersize-217x300.jpg]
[bolina.zooka.io/project/women-in-the-dark-concept-5/index.html]
[bolina.zooka.io/project/women-in-the-dark-concept-5/shutterstock_104386421_supersize/index.html]
[bolina.zooka.io/wp-login1bb6.html]
[bolina.zooka.io/wp-json/oembed/1.0/embed6c5a.json]
[bolina.zooka.io/project/women-in-the-dark-concept-3/shutterstock_239356933_supersize/feed/index.html]
[bolina.zooka.io/wp-json/oembed/1.0/embedc0d3]
[bolina.zooka.io/wp-content/uploads/2015/08/shutterstock_239356933_supersize-274x300.jpg]
[bolina.zooka.io/project/women-in-the-dark-concept-3/index.html]
[bolina.zooka.io/project/women-in-the-dark-concept-3/shutterstock_239356933_supersize/index.html]
[bolina.zooka.io/wp-login7c5c.html]
[bolina.zooka.io/wp-json/oembed/1.0/embed6a4c.json]
[bolina.zooka.io/project/women-in-the-dark-concept/shutterstock_112762954_supersize/feed/index.html]
[bolina.zooka.io/wp-json/oembed/1.0/embed9404]
[bolina.zooka.io/wp-content/uploads/2015/08/shutterstock_112762954_supersize-300x300.jpg]
[bolina.zooka.io/project/women-in-the-dark-concept/index.html]
[bolina.zooka.io/project/women-in-the-dark-concept/shutterstock_112762954_supersize/index.html]
[pinterest.com/pin/create/button/indexc7d4.html]
[bolina.zooka.io/wp-loginf9bb.html]
[bolina.zooka.io/index12a6.html]
[bolina.zooka.io/wp-logina649.html]
[pinterest.com/pin/create/button/index7f9f.html]
[bolina.zooka.io/shop/leather-wallet-6/index93ea.html]
[bolina.zooka.io/shop/leather-wallet-6/index8205.html]
[bolina.zooka.io/shop/leather-wallet-6/indexd476.html]
[bolina.zooka.io/indexfb54.html]
[bolina.zooka.io/wp-login468c.html]
[pinterest.com/pin/create/button/indexc3f3.html]
[bolina.zooka.io/wp-login275c.html]
[bolina.zooka.io/shop/leather-wallet-8/index222a.html]
[bolina.zooka.io/shop/leather-wallet-8/index8205.html]
[bolina.zooka.io/shop/leather-wallet-8/index93ea.html]
[bolina.zooka.io/indexcf56.html]
[bolina.zooka.io/wp-login0541.html]
[pinterest.com/pin/create/button/indexe4f1.html]
[bolina.zooka.io/shop/leather-wallet-7/index34c2.html]
[bolina.zooka.io/shop/leather-wallet-7/indexdd75.html]
[bolina.zooka.io/index9b2c.html]
[bolina.zooka.io/wp-logind2ed.html]
[pinterest.com/pin/create/button/indexece5.html]
[bolina.zooka.io/shop/mini-bag-8/indexdd75.html]
[bolina.zooka.io/shop/mini-bag-8/indexf078.html]
[bolina.zooka.io/index4f68.html]
[bolina.zooka.io/wp-loginbe6c.html]
[pinterest.com/pin/create/button/indexbd42.html]
[bolina.zooka.io/shop/vintage-watch-7/indexd476.html]
[bolina.zooka.io/shop/vintage-watch-7/index222a.html]
[bolina.zooka.io/shop/vintage-watch-7/index93ea.html]
[bolina.zooka.io/index2136.html]
[bolina.zooka.io/wp-loginf0d6.html]
[pinterest.com/pin/create/button/indexe9f2.html]
[bolina.zooka.io/shop/mini-bag-9/index8205.html]
[bolina.zooka.io/shop/mini-bag-9/index222a.html]
[bolina.zooka.io/shop/mini-bag-9/indexd476.html]
[bolina.zooka.io/indexa63d.html]
[bolina.zooka.io/wp-login5cfa.html]
[pinterest.com/pin/create/button/indexd4c4.html]
[bolina.zooka.io/shop/vintage-watch-6/index033a.html]
[bolina.zooka.io/index553d.html]
[bolina.zooka.io/wp-login11c5.html]
[pinterest.com/pin/create/button/indexc1f5.html]
[bolina.zooka.io/shop/mini-bag-7/index0441.html]
[bolina.zooka.io/indexcc82.html]
[pinterest.com/pin/create/button/index2cdf.html]
[bolina.zooka.io/wp-login56a8.html]
[bolina.zooka.io/indexd15f.html]
[bolina.zooka.io/wp-logined2f.html]
[pinterest.com/pin/create/button/index1f39.html]
[bolina.zooka.io/shop/mini-bag-6/indexf078.html]
[bolina.zooka.io/shop/mini-bag-6/index34c2.html]
[bolina.zooka.io/index68cd.html]
[bolina.zooka.io/wp-loginb969.html]
[pinterest.com/pin/create/button/indexf632.html]
[bolina.zooka.io/shop/mini-bag-5/index17f4.html]
[bolina.zooka.io/shop/mini-bag-5/indexd333.html]
[bolina.zooka.io/shop/mini-bag-5/indexe7c9.html]
[bolina.zooka.io/shop/mini-bag-5/index029d.html]
[bolina.zooka.io/shop/mini-bag-5/indexac42.html]
[bolina.zooka.io/shop/mini-bag-5/indexfa00.html]
[bolina.zooka.io/indexefce.html]
[bolina.zooka.io/wp-logine685.html]
[pinterest.com/pin/create/button/indexf4d9.html]
[bolina.zooka.io/shop/mini-bag-5/index9ced.html]
[bolina.zooka.io/shop/leather-wallet-5/indexac42.html]
[bolina.zooka.io/shop/leather-wallet-5/indexfa00.html]
[bolina.zooka.io/shop/mini-bag-5/indexcbcb.html]
[bolina.zooka.io/shop/leather-wallet-5/index3711.html]
[bolina.zooka.io/shop/leather-wallet-5/index21ab.html]
[bolina.zooka.io/shop/leather-wallet-5/index17f4.html]
[bolina.zooka.io/indexd0ff.html]
[bolina.zooka.io/wp-login7069.html]
[pinterest.com/pin/create/button/index8150.html]
[bolina.zooka.io/shop/mini-bag-5/index7cc2.html]
[bolina.zooka.io/shop/vintage-watch-5/index21ab.html]
[bolina.zooka.io/shop/vintage-watch-5/indexd333.html]
[bolina.zooka.io/shop/vintage-watch-5/index029d.html]
[bolina.zooka.io/shop/leather-wallet-5/index57ef.html]
[bolina.zooka.io/wp-json/oembed/1.0/embed7f74.json]
[bolina.zooka.io/shop/mini-bag-4/feed/index.html]
[bolina.zooka.io/wp-json/oembed/1.0/embed150f]
[bolina.zooka.io/wp-content/uploads/2015/09/1323209520_1_1_1.jpg]
[bolina.zooka.io/wp-content/uploads/2015/09/1323209520_1_1_1-600x697.jpg]
[bolina.zooka.io/shop/mini-bag-4/index.html]
[bolina.zooka.io/wp-login270b.html]
[bolina.zooka.io/shop/vintage-watch-5/index7cc2.html]
[bolina.zooka.io/shop/mini-bag-4/index21ab.html]
[bolina.zooka.io/shop/mini-bag-4/index17f4.html]
[bolina.zooka.io/shop/vintage-watch-5/indexe7c9.html]
[bolina.zooka.io/index3ba5.html]
[bolina.zooka.io/wp-login10f8.html]
[pinterest.com/pin/create/button/indexd785.html]
[bolina.zooka.io/shop/leather-wallet-4/index17f4.html]
[bolina.zooka.io/shop/mini-bag-4/indexd333.html]
[bolina.zooka.io/shop/leather-wallet-4/index7cc2.html]
[bolina.zooka.io/shop/leather-wallet-4/index57ef.html]
[bolina.zooka.io/shop/leather-wallet-4/index21ab.html]
[bolina.zooka.io/shop/leather-wallet-4/index4699.html]
[bolina.zooka.io/indexb82b.html]
[bolina.zooka.io/wp-loginf6a3.html]
[pinterest.com/pin/create/button/index18a5.html]
[bolina.zooka.io/shop/mini-bag-4/indexcbcb.html]
[bolina.zooka.io/shop/vintage-watch-4/index4699.html]
[bolina.zooka.io/shop/vintage-watch-4/indexd333.html]
[bolina.zooka.io/shop/mini-bag-4/index029d.html]
[bolina.zooka.io/shop/vintage-watch-4/indexe7c9.html]
[bolina.zooka.io/shop/vintage-watch-4/index3711.html]
[bolina.zooka.io/shop/leather-wallet-4/index029d.html]
[bolina.zooka.io/shop/vintage-watch-4/indexcbcb.html]
[bolina.zooka.io/shop/vintage-watch-4/indexac42.html]
[bolina.zooka.io/wp-json/oembed/1.0/embed46e8.json]
[bolina.zooka.io/shop/vintage-watch-3/feed/index.html]
[bolina.zooka.io/wp-json/oembed/1.0/embed7192]
[bolina.zooka.io/wp-content/uploads/2015/09/6062305004_1_1_1.jpg]
[bolina.zooka.io/wp-content/uploads/2015/09/6062305004_1_1_1-600x600.jpg]
[bolina.zooka.io/shop/vintage-watch-3/index.html]
[bolina.zooka.io/shop/vintage-watch-4/index9ced.html]
[bolina.zooka.io/wp-login5b6b.html]
[bolina.zooka.io/shop/vintage-watch-3/index57ef.html]
[bolina.zooka.io/shop/vintage-watch-3/indexac42.html]
[bolina.zooka.io/indexcf93.html]
[bolina.zooka.io/wp-loginaddb.html]
[pinterest.com/pin/create/button/indexfe0d.html]
[bolina.zooka.io/shop/vintage-watch-3/index21ab.html]
[bolina.zooka.io/shop/mini-bag-3/index9ced.html]
[bolina.zooka.io/shop/mini-bag-3/indexfa00.html]
[bolina.zooka.io/shop/mini-bag-3/indexd333.html]
[bolina.zooka.io/shop/mini-bag-3/index0e13.html]
[bolina.zooka.io/shop/vintage-watch-3/index4699.html]
[bolina.zooka.io/shop/mini-bag-3/index57ef.html]
[bolina.zooka.io/shop/vintage-watch-3/indexcbcb.html]
[bolina.zooka.io/shop/vintage-watch/feed/index.html]
[bolina.zooka.io/wp-json/oembed/1.0/embedef59.json]
[bolina.zooka.io/wp-json/oembed/1.0/embed98ce]
[bolina.zooka.io/wp-content/uploads/2015/09/5731302040_2_1_1.jpg]
[bolina.zooka.io/wp-content/uploads/2015/09/5731302040_2_1_1-600x600.jpg]
[bolina.zooka.io/shop/vintage-watch/index.html]
[bolina.zooka.io/index7270.html]
[bolina.zooka.io/wp-login87a2.html]
[pinterest.com/pin/create/button/index2e93.html]
[bolina.zooka.io/shop/leather-wallet/index7cc2.html]
[bolina.zooka.io/shop/leather-wallet/indexd333.html]
[bolina.zooka.io/shop/leather-wallet/index21ab.html]
[bolina.zooka.io/shop/leather-wallet/index17f4.html]
[bolina.zooka.io/indexbc7f.html]
[bolina.zooka.io/wp-login54a0.html]
[pinterest.com/pin/create/button/indexe188.html]
[bolina.zooka.io/shop/leather-wallet-2/index9ced.html]
[bolina.zooka.io/wp-logincdaf.html]
[bolina.zooka.io/shop/leather-wallet-2/index4699.html]
[bolina.zooka.io/shop/leather-wallet-2/index21ab.html]
[bolina.zooka.io/shop/leather-wallet-2/indexe7c9.html]
[bolina.zooka.io/shop/leather-wallet-2/indexcbcb.html]
[bolina.zooka.io/indexdf27.html]
[bolina.zooka.io/wp-login76ef.html]
[pinterest.com/pin/create/button/index3e00.html]
[bolina.zooka.io/shop/leather-wallet-3/index3711.html]
[bolina.zooka.io/shop/vintage-watch/indexcbcb.html]
[bolina.zooka.io/shop/leather-wallet-3/indexe7c9.html]
[bolina.zooka.io/shop/leather-wallet-2/indexac42.html]
[bolina.zooka.io/shop/leather-wallet-3/index57ef.html]
[bolina.zooka.io/shop/leather-wallet-3/indexcbcb.html]
[bolina.zooka.io/shop/leather-wallet-3/index21ab.html]
[bolina.zooka.io/index0edf.html]
[bolina.zooka.io/wp-loginb84a.html]
[pinterest.com/pin/create/button/index5257.html]
[bolina.zooka.io/shop/leather-wallet-2/index0e13.html]
[bolina.zooka.io/shop/mini-bag/index9ced.html]
[bolina.zooka.io/shop/mini-bag/indexfa00.html]
[bolina.zooka.io/shop/mini-bag/index4699.html]
[bolina.zooka.io/indexbb46.html]
[bolina.zooka.io/wp-loginc3ec.html]
[pinterest.com/pin/create/button/index1eb0.html]
[bolina.zooka.io/shop/mini-bag-2/index7cc2.html]
[bolina.zooka.io/shop/leather-wallet-3/index9ced.html]
[bolina.zooka.io/shop/mini-bag-2/indexac42.html]
[bolina.zooka.io/shop/mini-bag-2/index21ab.html]
[bolina.zooka.io/shop/mini-bag-2/index57ef.html]
[bolina.zooka.io/shop/mini-bag-2/indexecb0.html]
[bolina.zooka.io/shop/page/2/index7cc2.html]
[bolina.zooka.io/shop/page/2/index21ab.html]
[bolina.zooka.io/shop/page/2/index0441.html]
[bolina.zooka.io/shop/page/2/index8205.html]
[bolina.zooka.io/shop/page/2/indexecb0.html]
[bolina.zooka.io/shop/page/2/index3711.html]
[bolina.zooka.io/shop/page/2/index9ced.html]
[bolina.zooka.io/shop/page/2/index57ef.html]
[bolina.zooka.io/shop/page/2/index17f4.html]
[bolina.zooka.io/shop/page/1/index.html]
[bolina.zooka.io/product-category/bathroom/index033a.html]
[bolina.zooka.io/product-category/bathroom/index0441.html]
[bolina.zooka.io/product-category/decoration/index222a.html]
[bolina.zooka.io/product-category/decoration/indexd476.html]
[bolina.zooka.io/product-category/decoration/index93ea.html]
[bolina.zooka.io/product-category/decoration/index8205.html]
[bolina.zooka.io/product-category/fashion/indexcbcb.html]
[bolina.zooka.io/product-category/fashion/indexecb0.html]
[bolina.zooka.io/product-category/light/indexf078.html]
[bolina.zooka.io/product-category/light/indexdd75.html]
[bolina.zooka.io/product-category/light/index34c2.html]
[bolina.zooka.io/product-category/photography/indexfa00.html]
[bolina.zooka.io/product-category/photography/index0e13.html]
[bolina.zooka.io/product-category/photography/index4699.html]
[bolina.zooka.io/product-category/photography/index9ced.html]
[bolina.zooka.io/product-category/retouching/indexac42.html]
[bolina.zooka.io/product-category/retouching/indexe7c9.html]
[bolina.zooka.io/product-category/retouching/index3711.html]
[bolina.zooka.io/product-category/retouching/index57ef.html]
[bolina.zooka.io/product-category/stylish-make-up/index029d.html]
[bolina.zooka.io/product-category/stylish-make-up/indexd333.html]
[bolina.zooka.io/product-category/stylish-make-up/index7cc2.html]
[bolina.zooka.io/product-category/stylish-make-up/index21ab.html]
[bolina.zooka.io/product-category/stylish-make-up/index17f4.html]
[bolina.zooka.io/indexd0d3.html]
[bolina.zooka.io/wp-login4124.html]
[pinterest.com/pin/create/button/indexa988.html]
[bolina.zooka.io/shop/vintage-watch-2/index57ef.html]
[bolina.zooka.io/shop/vintage-watch-2/indexac42.html]
[bolina.zooka.io/shop/vintage-watch-2/indexe7c9.html]
[bolina.zooka.io/product-tag/concept/indexd333.html]
[bolina.zooka.io/product-tag/lipstick/indexcbcb.html]
[bolina.zooka.io/product-tag/lipstick/index7cc2.html]
[bolina.zooka.io/product-tag/make-up/indexfa00.html]
[bolina.zooka.io/product-tag/make-up/indexe7c9.html]
[bolina.zooka.io/product-tag/make-up/index21ab.html]
[bolina.zooka.io/product-tag/photo/indexe7c9.html]
[bolina.zooka.io/product-tag/photo/index17f4.html]
[bolina.zooka.io/product-tag/shoes/indexd333.html]
[bolina.zooka.io/product-tag/shoes/index4699.html]
[bolina.zooka.io/product-tag/shoes/index57ef.html]
[bolina.zooka.io/product-tag/shop/indexfa00.html]
[bolina.zooka.io/product-tag/shop/indexac42.html]
[bolina.zooka.io/product-tag/shop/indexcbcb.html]
[bolina.zooka.io/product-tag/shop/index21ab.html]
[bolina.zooka.io/product-tag/shop/index9ced.html]
[bolina.zooka.io/product-tag/sneaker/index7cc2.html]
[bolina.zooka.io/product-tag/trend/index17f4.html]
[bolina.zooka.io/product-tag/white-tee/indexac42.html]
[bolina.zooka.io/product-tag/white-tee/indexcbcb.html]
[bolina.zooka.io/product-tag/white-tee/index9ced.html]
[bolina.zooka.io/product-tag/white-tee/index57ef.html]
[bolina.zooka.io/index4c3a.html]
[pinterest.com/pin/create/button/index6dd7.html]
[bolina.zooka.io/wp-login3b91.html]
[bolina.zooka.io/indexd399.html]
[pinterest.com/pin/create/button/indexd82d.html]
[bolina.zooka.io/wp-login52a7.html]
[bolina.zooka.io/indexaaab.html]
[pinterest.com/pin/create/button/indexbe74.html]
[bolina.zooka.io/wp-loginb9ea.html]
[pinterest.com/pin/create/button/index66f9.html]
[bolina.zooka.io/shop/leather-wallet-3/indexfa00.html]
[bolina.zooka.io/shop/mini-bag-2/index9ced.html]
[bolina.zooka.io/shop/mini-bag-2/indexfa00.html]
[bolina.zooka.io/wp-includes/fonts/dashicons.eot]
[bolina.zooka.io/wp-admin/images/loading.gif]
[bolina.zooka.io/wp-admin/images/w-logo-blue7a53.png]
[bolina.zooka.io/wp-admin/load-styles6c4d.css]
[bolina.zooka.io/my-account/lost-password/index.html]
[bolina.zooka.io/index2847.html]
[bolina.zooka.io/wp-json/oembed/1.0/embed41e4.json]
[bolina.zooka.io/project/women-in-the-dark-concept-8/feed/index.html]
[bolina.zooka.io/wp-json/oembed/1.0/embed39fd]
[bolina.zooka.io/project/women-in-the-dark-concept-8/index.html]
[pinterest.com/pin/create/button/index3da6.html]
[bolina.zooka.io/wp-logina646.html]
[bolina.zooka.io/index8a0c.html]
[bolina.zooka.io/wp-login51c0.html]
[bolina.zooka.io/wp-json/oembed/1.0/embed1feb.json]
[bolina.zooka.io/project/women-in-the-dark-concept-9/feed/index.html]
[bolina.zooka.io/wp-json/oembed/1.0/embedbf15]
[bolina.zooka.io/project/women-in-the-dark-concept-9/index.html]
[pinterest.com/pin/create/button/index698c.html]
[bolina.zooka.io/wp-login7943.html]
[bolina.zooka.io/index778b.html]
[bolina.zooka.io/wp-loginefdc.html]
[bolina.zooka.io/wp-json/oembed/1.0/embed0231.json]
[bolina.zooka.io/project/women-in-the-dark-concept-6/index.html]
[bolina.zooka.io/project/women-in-the-dark-concept-7/feed/index.html]
[bolina.zooka.io/wp-json/oembed/1.0/embed9591]
[bolina.zooka.io/project/women-in-the-dark-concept-7/index.html]
[pinterest.com/pin/create/button/index2794.html]
[bolina.zooka.io/wp-login4e11.html]
[bolina.zooka.io/index01a2.html]
[bolina.zooka.io/wp-login5601.html]
[bolina.zooka.io/wp-json/oembed/1.0/embed3c9c.json]
[bolina.zooka.io/project/women-in-the-dark-concept-12/index.html]
[bolina.zooka.io/project/women-in-the-dark-concept-11/feed/index.html]
[bolina.zooka.io/wp-json/oembed/1.0/embed9b47]
[bolina.zooka.io/project/women-in-the-dark-concept-11/index.html]
[pinterest.com/pin/create/button/index1056.html]
[bolina.zooka.io/wp-login53b2.html]
[bolina.zooka.io/indexb7bc.html]
[bolina.zooka.io/wp-login60d3.html]
[bolina.zooka.io/wp-json/oembed/1.0/embed2330.json]
[bolina.zooka.io/project/women-in-the-dark-concept-10/feed/index.html]
[bolina.zooka.io/wp-json/oembed/1.0/embed2b2c]
[bolina.zooka.io/project/women-in-the-dark-concept-10/index.html]
[pinterest.com/pin/create/button/index5909.html]
[bolina.zooka.io/wp-login8bc0.html]
[bolina.zooka.io/indexca96.html]
[bolina.zooka.io/wp-login099c.html]
[bolina.zooka.io/wp-json/oembed/1.0/embed97eb.json]
[bolina.zooka.io/project/women-in-the-dark-concept-4/index.html]
[bolina.zooka.io/project/women-in-the-dark-concept-5/feed/index.html]
[bolina.zooka.io/wp-json/oembed/1.0/embed5a5d]
[bolina.zooka.io/project/women-in-the-dark-concept-5/index.html]
[pinterest.com/pin/create/button/indexc9df.html]
[bolina.zooka.io/wp-login1bb6.html]
[bolina.zooka.io/indexe3b6.html]
[bolina.zooka.io/wp-loginf528.html]
[bolina.zooka.io/wp-json/oembed/1.0/embedb9cf.json]
[bolina.zooka.io/project/women-in-the-dark-concept-2/index.html]
[bolina.zooka.io/project/women-in-the-dark-concept-3/feed/index.html]
[bolina.zooka.io/wp-json/oembed/1.0/embed5821]
[bolina.zooka.io/project/women-in-the-dark-concept-3/index.html]
[pinterest.com/pin/create/button/index970a.html]
[bolina.zooka.io/wp-login7c5c.html]
[bolina.zooka.io/index8c8c.html]
[bolina.zooka.io/wp-login6bd8.html]
[bolina.zooka.io/wp-json/oembed/1.0/embedc901.json]
[bolina.zooka.io/wp-json/oembed/1.0/embed24b0]
[bolina.zooka.io/wp-content/uploads/2015/08/shutterstock_115367347_huge.jpg]
[bolina.zooka.io/project/women-in-the-dark-concept/index.html]
[pinterest.com/pin/create/button/index81b6.html]
[bolina.zooka.io/wp-login275c.html]
[pinterest.com/pin/create/button/indexa982.html]
[pinterest.com/pin/create/button/index0f76.html]
[pinterest.com/pin/create/button/indexd401.html]
[pinterest.com/pin/create/button/index4e2e.html]
[pinterest.com/pin/create/button/index9051.html]
[pinterest.com/pin/create/button/index1950.html]
[pinterest.com/pin/create/button/indexf205.html]
[pinterest.com/pin/create/button/index38fa.html]
[pinterest.com/pin/create/button/index5ee5.html]
[pinterest.com/pin/create/button/index70e7.html]
[pinterest.com/pin/create/button/indexd62b.html]
[pinterest.com/pin/create/button/indexcca7.html]
[bolina.zooka.io/shop/mini-bag-5/index9ced.html]
[bolina.zooka.io/shop/mini-bag-5/index029d.html]
[bolina.zooka.io/shop/mini-bag-5/indexcbcb.html]
[bolina.zooka.io/shop/mini-bag-5/index7cc2.html]
[pinterest.com/pin/create/button/index0ba1.html]
[bolina.zooka.io/shop/leather-wallet-5/index57ef.html]
[pinterest.com/pin/create/button/index41d3.html]
[bolina.zooka.io/indexb648.html]
[bolina.zooka.io/wp-login270b.html]
[pinterest.com/pin/create/button/indexab98.html]
[bolina.zooka.io/shop/mini-bag-4/index17f4.html]
[bolina.zooka.io/shop/mini-bag-4/index21ab.html]
[bolina.zooka.io/shop/mini-bag-4/indexcbcb.html]
[bolina.zooka.io/shop/mini-bag-4/indexd333.html]
[bolina.zooka.io/shop/mini-bag-4/index029d.html]
[pinterest.com/pin/create/button/indexa2ea.html]
[bolina.zooka.io/shop/leather-wallet-4/index029d.html]
[pinterest.com/pin/create/button/indexed90.html]
[bolina.zooka.io/shop/vintage-watch-4/indexcbcb.html]
[bolina.zooka.io/shop/vintage-watch-4/indexac42.html]
[bolina.zooka.io/indexf785.html]
[bolina.zooka.io/wp-login5b6b.html]
[pinterest.com/pin/create/button/indexbfd4.html]
[bolina.zooka.io/shop/vintage-watch-3/indexac42.html]
[bolina.zooka.io/shop/vintage-watch-3/index57ef.html]
[bolina.zooka.io/shop/vintage-watch-3/index4699.html]
[bolina.zooka.io/shop/vintage-watch-3/index21ab.html]
[bolina.zooka.io/shop/vintage-watch-3/indexcbcb.html]
[pinterest.com/pin/create/button/index6bdc.html]
[bolina.zooka.io/index6f5e.html]
[bolina.zooka.io/wp-logincdaf.html]
[pinterest.com/pin/create/button/index5534.html]
[bolina.zooka.io/shop/vintage-watch/indexcbcb.html]
[pinterest.com/pin/create/button/index66b7.html]
[pinterest.com/pin/create/button/index5bbf.html]
[bolina.zooka.io/shop/leather-wallet-2/index0e13.html]
[bolina.zooka.io/shop/leather-wallet-2/indexac42.html]
[pinterest.com/pin/create/button/index0215.html]
[bolina.zooka.io/shop/leather-wallet-3/index9ced.html]
[bolina.zooka.io/shop/leather-wallet-3/indexfa00.html]
[pinterest.com/pin/create/button/indexcec0.html]
[pinterest.com/pin/create/button/index16fa.html]
[bolina.zooka.io/shop/mini-bag-2/index9ced.html]
[bolina.zooka.io/shop/mini-bag-2/indexfa00.html]
[pinterest.com/pin/create/button/index9321.html]
[pinterest.com/pin/create/button/index085d.html]
[pinterest.com/pin/create/button/indexd9b2.html]
[pinterest.com/pin/create/button/indexd542.html]
[bolina.zooka.io/wp-admin/images/wordpress-logo7d6b.svg]
[bolina.zooka.io/index5051.html]
[pinterest.com/pin/create/button/indexce74.html]
[bolina.zooka.io/wp-login51c0.html]
[pinterest.com/pin/create/button/index2eec.html]
[bolina.zooka.io/indexdc0d.html]
[pinterest.com/pin/create/button/indexc845.html]
[bolina.zooka.io/wp-loginefdc.html]
[pinterest.com/pin/create/button/indexaa7b.html]
[bolina.zooka.io/shop/vintage-watch-3/indexfa00.html]
[bolina.zooka.io/shop/vintage-watch-3/index0e13.html]
[bolina.zooka.io/wp-json/oembed/1.0/embed8d52.json]
[bolina.zooka.io/project/women-in-the-dark-concept-6/feed/index.html]
[bolina.zooka.io/wp-json/oembed/1.0/embed0ca7]
[bolina.zooka.io/project/women-in-the-dark-concept-6/index.html]
[bolina.zooka.io/indexd1c3.html]
[pinterest.com/pin/create/button/index83ac.html]
[bolina.zooka.io/wp-login5601.html]
[pinterest.com/pin/create/button/index8d97.html]
[bolina.zooka.io/wp-logine9b6.html]
[bolina.zooka.io/wp-json/oembed/1.0/embed7bb8.json]
[bolina.zooka.io/project/women-in-the-dark-concept-12/feed/index.html]
[bolina.zooka.io/wp-json/oembed/1.0/embedf60c]
[bolina.zooka.io/wp-content/uploads/2015/08/1.jpg]
[bolina.zooka.io/project/women-in-the-dark-concept-12/index.html]
[bolina.zooka.io/index6452.html]
[bolina.zooka.io/wp-login60d3.html]
[pinterest.com/pin/create/button/indexdb63.html]
[bolina.zooka.io/index5721.html]
[pinterest.com/pin/create/button/index66ad.html]
[bolina.zooka.io/wp-login099c.html]
[pinterest.com/pin/create/button/index3c7e.html]
[bolina.zooka.io/wp-login8f3f.html]
[bolina.zooka.io/wp-json/oembed/1.0/embed2f3f.json]
[bolina.zooka.io/wp-json/oembed/1.0/embed164e]
[bolina.zooka.io/wp-content/uploads/2015/08/shutterstock_156357554_huge.png]
[bolina.zooka.io/project/women-in-the-dark-concept-4/index.html]
[bolina.zooka.io/index2586.html]
[pinterest.com/pin/create/button/index22ac.html]
[bolina.zooka.io/wp-loginf528.html]
[pinterest.com/pin/create/button/index6439.html]
[bolina.zooka.io/wp-json/oembed/1.0/embedea60.json]
[bolina.zooka.io/project/women-in-the-dark-concept-2/feed/index.html]
[bolina.zooka.io/wp-json/oembed/1.0/embed65a3]
[bolina.zooka.io/project/women-in-the-dark-concept-2/index.html]
[bolina.zooka.io/indexb50d.html]
[pinterest.com/pin/create/button/indexdc32.html]
[bolina.zooka.io/wp-login6bd8.html]
[pinterest.com/pin/create/button/indexa186.html]
[bolina.zooka.io/index3440.html]
[pinterest.com/pin/create/button/index5a66.html]
[pinterest.com/pin/create/button/indexefc6.html]
[pinterest.com/pin/create/button/index5433.html]
[pinterest.com/pin/create/button/indexe0df.html]
[bolina.zooka.io/shop/vintage-watch-3/indexfa00.html]
[bolina.zooka.io/shop/vintage-watch-3/index0e13.html]
[pinterest.com/pin/create/button/index54fd.html]
[pinterest.com/pin/create/button/index4601.html]
[pinterest.com/pin/create/button/index4fdb.html]
[bolina.zooka.io/index7c2c.html]
[pinterest.com/pin/create/button/indexd2cb.html]
[bolina.zooka.io/wp-login52d1.html]
[bolina.zooka.io/wp-logine9b6.html]
[pinterest.com/pin/create/button/indexeca1.html]
[bolina.zooka.io/indexcb89.html]
[pinterest.com/pin/create/button/index5563.html]
[bolina.zooka.io/wp-login8f3f.html]
[pinterest.com/pin/create/button/index5907.html]
[bolina.zooka.io/indexccf8.html]
[pinterest.com/pin/create/button/indexb105.html]
[pinterest.com/pin/create/button/indexf0d9.html]
[bolina.zooka.io/indexb7c7.html]
[pinterest.com/pin/create/button/index58e1.html]
[bolina.zooka.io/wp-login52d1.html]
[pinterest.com/pin/create/button/index939a.html]
[pinterest.com/pin/create/button/index76a0.html]
[pinterest.com/pin/create/button/indexe977.html]
[pinterest.com/pin/create/button/index408a.html]
[pinterest.com/pin/create/button/index75d5.html]
[pinterest.com/pin/create/button/indexcf25.html]
